Archive member included because of file (symbol)

c:/freescale/kds_3.0.0/toolchain/bin/../lib/gcc/arm-none-eabi/4.8.4/armv6-m\libgcc.a(_udivsi3.o)
                              ./SDK/platform/utilities/src/print_scan.o (__aeabi_uidiv)
c:/freescale/kds_3.0.0/toolchain/bin/../lib/gcc/arm-none-eabi/4.8.4/armv6-m\libgcc.a(_divsi3.o)
                              ./SDK/platform/utilities/src/print_scan.o (__aeabi_idiv)
c:/freescale/kds_3.0.0/toolchain/bin/../lib/gcc/arm-none-eabi/4.8.4/armv6-m\libgcc.a(_dvmd_tls.o)
                              c:/freescale/kds_3.0.0/toolchain/bin/../lib/gcc/arm-none-eabi/4.8.4/armv6-m\libgcc.a(_udivsi3.o) (__aeabi_idiv0)
c:/freescale/kds_3.0.0/toolchain/bin/../lib/gcc/arm-none-eabi/4.8.4/armv6-m\libgcc.a(_aeabi_uldivmod.o)
                              ./Generated_Code/osa1.o (__aeabi_uldivmod)
c:/freescale/kds_3.0.0/toolchain/bin/../lib/gcc/arm-none-eabi/4.8.4/armv6-m\libgcc.a(_muldi3.o)
                              ./Generated_Code/osa1.o (__aeabi_lmul)
c:/freescale/kds_3.0.0/toolchain/bin/../lib/gcc/arm-none-eabi/4.8.4/armv6-m\libgcc.a(bpabi.o)
                              c:/freescale/kds_3.0.0/toolchain/bin/../lib/gcc/arm-none-eabi/4.8.4/armv6-m\libgcc.a(_aeabi_uldivmod.o) (__gnu_uldivmod_helper)
c:/freescale/kds_3.0.0/toolchain/bin/../lib/gcc/arm-none-eabi/4.8.4/armv6-m\libgcc.a(divsf3.o)
                              ./Sources/main.o (__aeabi_fdiv)
c:/freescale/kds_3.0.0/toolchain/bin/../lib/gcc/arm-none-eabi/4.8.4/armv6-m\libgcc.a(floatsisf.o)
                              ./Sources/main.o (__aeabi_i2f)
c:/freescale/kds_3.0.0/toolchain/bin/../lib/gcc/arm-none-eabi/4.8.4/armv6-m\libgcc.a(_clzsi2.o)
                              c:/freescale/kds_3.0.0/toolchain/bin/../lib/gcc/arm-none-eabi/4.8.4/armv6-m\libgcc.a(divsf3.o) (__clzsi2)
c:/freescale/kds_3.0.0/toolchain/bin/../lib/gcc/arm-none-eabi/4.8.4/armv6-m\libgcc.a(_divdi3.o)
                              c:/freescale/kds_3.0.0/toolchain/bin/../lib/gcc/arm-none-eabi/4.8.4/armv6-m\libgcc.a(bpabi.o) (__divdi3)
c:/freescale/kds_3.0.0/toolchain/bin/../lib/gcc/arm-none-eabi/4.8.4/armv6-m\libgcc.a(_udivdi3.o)
                              c:/freescale/kds_3.0.0/toolchain/bin/../lib/gcc/arm-none-eabi/4.8.4/armv6-m\libgcc.a(bpabi.o) (__udivdi3)
c:/freescale/kds_3.0.0/toolchain/bin/../lib/gcc/arm-none-eabi/4.8.4/../../../../arm-none-eabi/lib/armv6-m\libg_s.a(lib_a-assert.o)
                              ./Sources/Events.o (__assert_func)
c:/freescale/kds_3.0.0/toolchain/bin/../lib/gcc/arm-none-eabi/4.8.4/../../../../arm-none-eabi/lib/armv6-m\libg_s.a(lib_a-calloc.o)
                              ./SDK/platform/osa/src/fsl_os_abstraction_bm.o (calloc)
c:/freescale/kds_3.0.0/toolchain/bin/../lib/gcc/arm-none-eabi/4.8.4/../../../../arm-none-eabi/lib/armv6-m\libg_s.a(lib_a-exit.o)
                              c:/freescale/kds_3.0.0/toolchain/bin/../lib/gcc/arm-none-eabi/4.8.4/../../../../arm-none-eabi/lib/armv6-m/crt0.o (exit)
c:/freescale/kds_3.0.0/toolchain/bin/../lib/gcc/arm-none-eabi/4.8.4/../../../../arm-none-eabi/lib/armv6-m\libg_s.a(lib_a-fprintf.o)
                              c:/freescale/kds_3.0.0/toolchain/bin/../lib/gcc/arm-none-eabi/4.8.4/../../../../arm-none-eabi/lib/armv6-m\libg_s.a(lib_a-assert.o) (fiprintf)
c:/freescale/kds_3.0.0/toolchain/bin/../lib/gcc/arm-none-eabi/4.8.4/../../../../arm-none-eabi/lib/armv6-m\libg_s.a(lib_a-impure.o)
                              c:/freescale/kds_3.0.0/toolchain/bin/../lib/gcc/arm-none-eabi/4.8.4/../../../../arm-none-eabi/lib/armv6-m\libg_s.a(lib_a-exit.o) (_global_impure_ptr)
c:/freescale/kds_3.0.0/toolchain/bin/../lib/gcc/arm-none-eabi/4.8.4/../../../../arm-none-eabi/lib/armv6-m\libg_s.a(lib_a-init.o)
                              c:/freescale/kds_3.0.0/toolchain/bin/../lib/gcc/arm-none-eabi/4.8.4/../../../../arm-none-eabi/lib/armv6-m/crt0.o (__libc_init_array)
c:/freescale/kds_3.0.0/toolchain/bin/../lib/gcc/arm-none-eabi/4.8.4/../../../../arm-none-eabi/lib/armv6-m\libg_s.a(lib_a-malloc.o)
                              ./SDK/platform/osa/src/fsl_os_abstraction_bm.o (malloc)
c:/freescale/kds_3.0.0/toolchain/bin/../lib/gcc/arm-none-eabi/4.8.4/../../../../arm-none-eabi/lib/armv6-m\libg_s.a(lib_a-memset.o)
                              c:/freescale/kds_3.0.0/toolchain/bin/../lib/gcc/arm-none-eabi/4.8.4/../../../../arm-none-eabi/lib/armv6-m/crt0.o (memset)
c:/freescale/kds_3.0.0/toolchain/bin/../lib/gcc/arm-none-eabi/4.8.4/../../../../arm-none-eabi/lib/armv6-m\libg_s.a(lib_a-nano-callocr.o)
                              c:/freescale/kds_3.0.0/toolchain/bin/../lib/gcc/arm-none-eabi/4.8.4/../../../../arm-none-eabi/lib/armv6-m\libg_s.a(lib_a-calloc.o) (_calloc_r)
c:/freescale/kds_3.0.0/toolchain/bin/../lib/gcc/arm-none-eabi/4.8.4/../../../../arm-none-eabi/lib/armv6-m\libg_s.a(lib_a-nano-freer.o)
[...]
Memory Configuration

Name             Origin             Length             Attributes
m_interrupts     0x00000000         0x00000200         xr
m_flash_config   0x00000400         0x00000010         xr
m_interrupts_ram 0x1fffe000         0x00000200         rw
m_text           0x00000410         0x0003fbf0         xr
m_data           0x1fffe200         0x00007e00         rw
*default*        0x00000000         0xffffffff

Linker script and memory map

LOAD c:/freescale/kds_3.0.0/toolchain/bin/../lib/gcc/arm-none-eabi/4.8.4/armv6-m/crti.o
LOAD c:/freescale/kds_3.0.0/toolchain/bin/../lib/gcc/arm-none-eabi/4.8.4/armv6-m/crtbegin.o
LOAD c:/freescale/kds_3.0.0/toolchain/bin/../lib/gcc/arm-none-eabi/4.8.4/../../../../arm-none-eabi/lib/armv6-m/crt0.o
LOAD ./Static_Code/System/PE_low_level_init.o
LOAD ./Sources/Events.o
LOAD ./Sources/main.o
LOAD ./SDK/platform/utilities/src/fsl_debug_console.o
LOAD ./SDK/platform/utilities/src/print_scan.o
LOAD ./SDK/platform/system/src/interrupt/fsl_interrupt_manager.o
LOAD ./SDK/platform/system/src/clock/MKL43Z4/fsl_clock_MKL43Z4.o
LOAD ./SDK/platform/system/src/clock/fsl_clock_manager.o
LOAD ./SDK/platform/system/src/clock/fsl_clock_manager_common.o
LOAD ./SDK/platform/osa/src/fsl_os_abstraction_bm.o
LOAD ./SDK/platform/hal/src/uart/fsl_uart_hal.o
LOAD ./SDK/platform/hal/src/sim/MKL43Z4/fsl_sim_hal_MKL43Z4.o
LOAD ./SDK/platform/hal/src/rtc/fsl_rtc_hal.o
LOAD ./SDK/platform/hal/src/port/fsl_port_hal.o
LOAD ./SDK/platform/hal/src/osc/fsl_osc_hal.o
LOAD ./SDK/platform/hal/src/mcglite/fsl_mcglite_hal.o
LOAD ./SDK/platform/hal/src/mcglite/fsl_mcglite_hal_modes.o
LOAD ./SDK/platform/hal/src/lpuart/fsl_lpuart_hal.o
LOAD ./SDK/platform/hal/src/i2c/fsl_i2c_hal.o
LOAD ./SDK/platform/hal/src/gpio/fsl_gpio_hal.o
LOAD ./SDK/platform/drivers/src/rtc/fsl_rtc_common.o
LOAD ./SDK/platform/drivers/src/i2c/fsl_i2c_common.o
LOAD ./SDK/platform/drivers/src/i2c/fsl_i2c_master_driver.o
LOAD ./SDK/platform/drivers/src/i2c/fsl_i2c_shared_function.o
LOAD ./SDK/platform/drivers/src/i2c/fsl_i2c_slave_driver.o
LOAD ./SDK/platform/drivers/src/gpio/fsl_gpio_common.o
LOAD ./SDK/platform/drivers/src/gpio/fsl_gpio_driver.o
LOAD ./SDK/platform/devices/MKL43Z4/startup/gcc/startup_MKL43Z4.o
LOAD ./SDK/platform/devices/MKL43Z4/startup/system_MKL43Z4.o
LOAD ./SDK/platform/devices/startup.o
LOAD ./Generated_Code/Cpu.o
LOAD ./Generated_Code/DbgCs1.o
LOAD ./Generated_Code/WAIT1.o
LOAD ./Generated_Code/clockMan1.o
LOAD ./Generated_Code/gpio1.o
LOAD ./Generated_Code/hardware_init.o
LOAD ./Generated_Code/i2cCom1.o
LOAD ./Generated_Code/osa1.o
LOAD ./Generated_Code/pin_init.o
LOAD c:/freescale/kds_3.0.0/toolchain/bin/../lib/gcc/arm-none-eabi/4.8.4/../../../../arm-none-eabi/lib/armv6-m\libstdc++_s.a
LOAD c:/freescale/kds_3.0.0/toolchain/bin/../lib/gcc/arm-none-eabi/4.8.4/../../../../arm-none-eabi/lib/armv6-m\libm.a
START GROUP
LOAD c:/freescale/kds_3.0.0/toolchain/bin/../lib/gcc/arm-none-eabi/4.8.4/armv6-m\libgcc.a
LOAD c:/freescale/kds_3.0.0/toolchain/bin/../lib/gcc/arm-none-eabi/4.8.4/../../../../arm-none-eabi/lib/armv6-m\libg_s.a
LOAD c:/freescale/kds_3.0.0/toolchain/bin/../lib/gcc/arm-none-eabi/4.8.4/../../../../arm-none-eabi/lib/armv6-m\libc_s.a
END GROUP
START GROUP
LOAD c:/freescale/kds_3.0.0/toolchain/bin/../lib/gcc/arm-none-eabi/4.8.4/armv6-m\libgcc.a
LOAD c:/freescale/kds_3.0.0/toolchain/bin/../lib/gcc/arm-none-eabi/4.8.4/../../../../arm-none-eabi/lib/armv6-m\libc_s.a
LOAD c:/freescale/kds_3.0.0/toolchain/bin/../lib/gcc/arm-none-eabi/4.8.4/../../../../arm-none-eabi/lib/armv6-m\libnosys.a
END GROUP
START GROUP
LOAD c:/freescale/kds_3.0.0/toolchain/bin/../lib/gcc/arm-none-eabi/4.8.4/armv6-m\libgcc.a
LOAD c:/freescale/kds_3.0.0/toolchain/bin/../lib/gcc/arm-none-eabi/4.8.4/../../../../arm-none-eabi/lib/armv6-m\libc_s.a
LOAD c:/freescale/kds_3.0.0/toolchain/bin/../lib/gcc/arm-none-eabi/4.8.4/../../../../arm-none-eabi/lib/armv6-m\libnosys.a
END GROUP
LOAD c:/freescale/kds_3.0.0/toolchain/bin/../lib/gcc/arm-none-eabi/4.8.4/armv6-m/crtend.o
LOAD c:/freescale/kds_3.0.0/toolchain/bin/../lib/gcc/arm-none-eabi/4.8.4/armv6-m/crtn.o
                0x00000000                HEAP_SIZE = DEFINED (__heap_size__)?__heap_size__:0x0
                0x00000400                STACK_SIZE = DEFINED (__stack_size__)?__stack_size__:0x400

.interrupts     0x00000000       0xc0
                0x00000000                __VECTOR_TABLE = .
                0x00000000                . = ALIGN (0x4)
 *(.isr_vector)
 .isr_vector    0x00000000       0xc0 ./SDK/platform/devices/MKL43Z4/startup/gcc/startup_MKL43Z4.o
                0x00000000                __isr_vector
                0x000000c0                . = ALIGN (0x4)
                0x1fffe000                __VECTOR_RAM = ORIGIN (m_interrupts_ram)

.flash_config   0x00000400       0x10
                0x00000400                . = ALIGN (0x4)
 *(.FlashConfig)
 .FlashConfig   0x00000400       0x10 ./SDK/platform/devices/MKL43Z4/startup/gcc/startup_MKL43Z4.o
                0x00000410                . = ALIGN (0x4)

.text           0x00000410     0x6fd4
                0x00000410                . = ALIGN (0x4)
 *(.text)
 .text          0x00000410       0x60 c:/freescale/kds_3.0.0/toolchain/bin/../lib/gcc/arm-none-eabi/4.8.4/armv6-m/crtbegin.o
 .text          0x00000470       0x78 c:/freescale/kds_3.0.0/toolchain/bin/../lib/gcc/arm-none-eabi/4.8.4/../../../../arm-none-eabi/lib/armv6-m/crt0.o
                0x00000470                _start
                0x00000470                _mainCRTStartup
 .text          0x000004e8       0x18 ./SDK/platform/devices/MKL43Z4/startup/gcc/startup_MKL43Z4.o
                0x000004e8                Reset_Handler
                0x000004f8                HardFault_Handler
                0x000004f8                PendSV_Handler
                0x000004f8                NMI_Handler
                0x000004f8                DMA2_IRQHandler
                0x000004f8                TPM0_IRQHandler
                0x000004f8                I2S0_IRQHandler
                0x000004f8                LLWU_IRQHandler
                0x000004f8                Reserved42_IRQHandler
                0x000004f8                ADC0_IRQHandler
                0x000004f8                SPI1_IRQHandler
                0x000004f8                DefaultISR
                0x000004f8                TPM2_IRQHandler
                0x000004f8                Reserved43_IRQHandler
                0x000004f8                RTC_IRQHandler
                0x000004f8                I2C0_IRQHandler
                0x000004f8                LCD_IRQHandler
                0x000004f8                RTC_Seconds_IRQHandler
                0x000004f8                Reserved20_IRQHandler
                0x000004f8                USB0_IRQHandler
                0x000004f8                PIT_IRQHandler
                0x000004f8                SVC_Handler
                0x000004f8                DMA3_IRQHandler
                0x000004f8                DMA0_IRQHandler
                0x000004f8                LPUART0_IRQHandler
                0x000004f8                DAC0_IRQHandler
                0x000004f8                LPUART1_IRQHandler
                0x000004f8                PMC_IRQHandler
                0x000004f8                TPM1_IRQHandler
                0x000004f8                SPI0_IRQHandler
                0x000004f8                FTFA_IRQHandler
                0x000004f8                LPTMR0_IRQHandler
                0x000004f8                UART2_FLEXIO_IRQHandler
                0x000004f8                CMP0_IRQHandler
                0x000004f8                DMA1_IRQHandler
 .text          0x00000500       0x9c c:/freescale/kds_3.0.0/toolchain/bin/../lib/gcc/arm-none-eabi/4.8.4/armv6-m\libgcc.a(_udivsi3.o)
                0x00000500                __aeabi_uidiv
                0x00000500                __udivsi3
                0x00000588                __aeabi_uidivmod
 .text          0x0000059c       0xc0 c:/freescale/kds_3.0.0/toolchain/bin/../lib/gcc/arm-none-eabi/4.8.4/armv6-m\libgcc.a(_divsi3.o)
                0x0000059c                __divsi3
                0x0000059c                __aeabi_idiv
                0x00000648                __aeabi_idivmod
 .text          0x0000065c        0x4 c:/freescale/kds_3.0.0/toolchain/bin/../lib/gcc/arm-none-eabi/4.8.4/armv6-m\libgcc.a(_dvmd_tls.o)
                0x0000065c                __aeabi_idiv0
                0x0000065c                __aeabi_ldiv0
 .text          0x00000660       0x40 c:/freescale/kds_3.0.0/toolchain/bin/../lib/gcc/arm-none-eabi/4.8.4/armv6-m\libgcc.a(_aeabi_uldivmod.o)
                0x00000660                __aeabi_uldivmod
 .text          0x000006a0       0x44 c:/freescale/kds_3.0.0/toolchain/bin/../lib/gcc/arm-none-eabi/4.8.4/armv6-m\libgcc.a(_muldi3.o)
                0x000006a0                __muldi3
                0x000006a0                __aeabi_lmul
 .text          0x000006e4       0x6c c:/freescale/kds_3.0.0/toolchain/bin/../lib/gcc/arm-none-eabi/4.8.4/armv6-m\libgcc.a(bpabi.o)
                0x000006e4                __gnu_ldivmod_helper
                0x0000071c                __gnu_uldivmod_helper
 .text          0x00000750      0x24c c:/freescale/kds_3.0.0/toolchain/bin/../lib/gcc/arm-none-eabi/4.8.4/armv6-m\libgcc.a(divsf3.o)
                0x00000750                __aeabi_fdiv
 .text          0x0000099c       0xb8 c:/freescale/kds_3.0.0/toolchain/bin/../lib/gcc/arm-none-eabi/4.8.4/armv6-m\libgcc.a(floatsisf.o)
                0x0000099c                __aeabi_i2f
 .text          0x00000a54       0x3c c:/freescale/kds_3.0.0/toolchain/bin/../lib/gcc/arm-none-eabi/4.8.4/armv6-m\libgcc.a(_clzsi2.o)
                0x00000a54                __clzsi2
 .text          0x00000a90      0x3b8 c:/freescale/kds_3.0.0/toolchain/bin/../lib/gcc/arm-none-eabi/4.8.4/armv6-m\libgcc.a(_divdi3.o)
                0x00000a90                __divdi3
 .text          0x00000e48      0x384 c:/freescale/kds_3.0.0/toolchain/bin/../lib/gcc/arm-none-eabi/4.8.4/armv6-m\libgcc.a(_udivdi3.o)
                0x00000e48                __udivdi3
 *(.text*)
 .text.PEX_components_init
                0x000011cc        0xc ./Static_Code/System/PE_low_level_init.o
                0x000011cc                PEX_components_init
 .text.PE_low_level_init
                0x000011d8       0x14 ./Static_Code/System/PE_low_level_init.o
                0x000011d8                PE_low_level_init
 .text.PORT_HAL_IsPinIntPending
                0x000011ec       0x4c ./Sources/Events.o
 .text.PORT_HAL_ClearPinIntFlag
                0x00001238       0x48 ./Sources/Events.o
 .text.PORT_HAL_ClearPortIntFlag
                0x00001280       0x18 ./Sources/Events.o
 .text.PORTA_IRQHandler
                0x00001298       0x28 ./Sources/Events.o
                0x00001298                PORTA_IRQHandler
 .text.PORTCD_IRQHandler
                0x000012c0       0x68 ./Sources/Events.o
                0x000012c0                PORTCD_IRQHandler
 .text.I2C1_IRQHandler
                0x00001328       0x10 ./Sources/Events.o
                0x00001328                I2C1_IRQHandler
 .text.main     0x00001338      0x2bc ./Sources/main.o
                0x00001338                main
 .text.FXOS8700CQ_Init
                0x000015f4       0x58 ./Sources/main.o
                0x000015f4                FXOS8700CQ_Init
 .text.FXAS21002C_Init
                0x0000164c       0x30 ./Sources/main.o
                0x0000164c                FXAS21002C_Init
 .text.FXAS21002C_WriteRegister
                0x0000167c       0x74 ./Sources/main.o
                0x0000167c                FXAS21002C_WriteRegister
 .text.FXAS21002C_ReadRegisters
                0x000016f0       0x6c ./Sources/main.o
                0x000016f0                FXAS21002C_ReadRegisters
 .text.FXOS8700CQ_WriteRegister
                0x0000175c       0x74 ./Sources/main.o
                0x0000175c                FXOS8700CQ_WriteRegister
 .text.FXOS8700CQ_ReadRegisters
                0x000017d0       0x6c ./Sources/main.o
                0x000017d0                FXOS8700CQ_ReadRegisters
 .text.UART_HAL_EnableTransmitter
                0x0000183c       0x1c ./SDK/platform/utilities/src/fsl_debug_console.o
 .text.UART_HAL_EnableReceiver
                0x00001858       0x1c ./SDK/platform/utilities/src/fsl_debug_console.o
 .text.UART_HAL_SetBitCountPerChar
                0x00001874       0x28 ./SDK/platform/utilities/src/fsl_debug_console.o
 .text.LPUART_HAL_SetTransmitterCmd
                0x0000189c       0x28 ./SDK/platform/utilities/src/fsl_debug_console.o
 .text.LPUART_HAL_SetReceiverCmd
                0x000018c4       0x28 ./SDK/platform/utilities/src/fsl_debug_console.o
 .text.LPUART_HAL_SetStopBitCount
                0x000018ec       0x24 ./SDK/platform/utilities/src/fsl_debug_console.o
 .text.SIM_HAL_EnableClock
                0x00001910       0x58 ./SDK/platform/utilities/src/fsl_debug_console.o
 .text.CLOCK_SYS_GetUartFreq
                0x00001968       0x18 ./SDK/platform/utilities/src/fsl_debug_console.o
 .text.CLOCK_SYS_EnableUartClock
                0x00001980       0x1c ./SDK/platform/utilities/src/fsl_debug_console.o
 .text.DbgConsole_Init
                0x0000199c      0x16c ./SDK/platform/utilities/src/fsl_debug_console.o
                0x0000199c                DbgConsole_Init
 .text._write   0x00001b08       0x5c ./SDK/platform/utilities/src/fsl_debug_console.o
                0x00001b08                _write
 .text._read    0x00001b64       0x48 ./SDK/platform/utilities/src/fsl_debug_console.o
                0x00001b64                _read
 .text.debug_printf
                0x00001bac       0x4c ./SDK/platform/utilities/src/fsl_debug_console.o
                0x00001bac                debug_printf
 .text.debug_putc
                0x00001bf8       0x44 ./SDK/platform/utilities/src/fsl_debug_console.o
 .text._doprint
                0x00001c3c      0x6e4 ./SDK/platform/utilities/src/print_scan.o
                0x00001c3c                _doprint
 .text.mknumstr
                0x00002320      0x110 ./SDK/platform/utilities/src/print_scan.o
 .text.fput_pad
                0x00002430       0x44 ./SDK/platform/utilities/src/print_scan.o
 .text.INT_SYS_EnableIRQGlobal
                0x00002474       0x2c ./SDK/platform/system/src/interrupt/fsl_interrupt_manager.o
                0x00002474                INT_SYS_EnableIRQGlobal
 .text.INT_SYS_DisableIRQGlobal
                0x000024a0       0x18 ./SDK/platform/system/src/interrupt/fsl_interrupt_manager.o
                0x000024a0                INT_SYS_DisableIRQGlobal
 .text.SIM_HAL_EnableClock
                0x000024b8       0x58 ./SDK/platform/system/src/clock/MKL43Z4/fsl_clock_MKL43Z4.o
 .text.CLOCK_HAL_GetExternalRefClock32kSrc
                0x00002510       0x20 ./SDK/platform/system/src/clock/MKL43Z4/fsl_clock_MKL43Z4.o
 .text.CLOCK_HAL_GetRtcClkOutSel
                0x00002530       0x24 ./SDK/platform/system/src/clock/MKL43Z4/fsl_clock_MKL43Z4.o
 .text.CLOCK_HAL_GetOutDiv1
                0x00002554       0x28 ./SDK/platform/system/src/clock/MKL43Z4/fsl_clock_MKL43Z4.o
 .text.CLOCK_HAL_GetOutDiv4
                0x0000257c       0x28 ./SDK/platform/system/src/clock/MKL43Z4/fsl_clock_MKL43Z4.o
 .text.CLOCK_SYS_GetLpoClockFreq
                0x000025a4       0x10 ./SDK/platform/system/src/clock/MKL43Z4/fsl_clock_MKL43Z4.o
 .text.OSC_HAL_GetExternalRefClkCmd
                0x000025b4       0x24 ./SDK/platform/system/src/clock/MKL43Z4/fsl_clock_MKL43Z4.o
 .text.CLOCK_SYS_GetRtcOutSrc
                0x000025d8       0x18 ./SDK/platform/system/src/clock/MKL43Z4/fsl_clock_MKL43Z4.o
 .text.CLOCK_SYS_GetFreq
                0x000025f0       0xe8 ./SDK/platform/system/src/clock/MKL43Z4/fsl_clock_MKL43Z4.o
                0x000025f0                CLOCK_SYS_GetFreq
 .text.CLOCK_SYS_GetCoreClockFreq
                0x000026d8       0x34 ./SDK/platform/system/src/clock/MKL43Z4/fsl_clock_MKL43Z4.o
                0x000026d8                CLOCK_SYS_GetCoreClockFreq
 .text.CLOCK_SYS_GetSystemClockFreq
                0x0000270c       0x34 ./SDK/platform/system/src/clock/MKL43Z4/fsl_clock_MKL43Z4.o
                0x0000270c                CLOCK_SYS_GetSystemClockFreq
 .text.CLOCK_SYS_GetBusClockFreq
                0x00002740       0x2c ./SDK/platform/system/src/clock/MKL43Z4/fsl_clock_MKL43Z4.o
                0x00002740                CLOCK_SYS_GetBusClockFreq
 .text.CLOCK_SYS_GetFlashClockFreq
                0x0000276c       0x2c ./SDK/platform/system/src/clock/MKL43Z4/fsl_clock_MKL43Z4.o
                0x0000276c                CLOCK_SYS_GetFlashClockFreq
 .text.CLOCK_SYS_GetRtcOutFreq
                0x00002798       0x20 ./SDK/platform/system/src/clock/MKL43Z4/fsl_clock_MKL43Z4.o
                0x00002798                CLOCK_SYS_GetRtcOutFreq
 .text.CLOCK_SYS_GetExternalRefClock32kFreq
                0x000027b8       0x6c ./SDK/platform/system/src/clock/MKL43Z4/fsl_clock_MKL43Z4.o
                0x000027b8                CLOCK_SYS_GetExternalRefClock32kFreq
 .text.CLOCK_SYS_GetOsc0ExternalRefClockFreq
                0x00002824       0x2c ./SDK/platform/system/src/clock/MKL43Z4/fsl_clock_MKL43Z4.o
                0x00002824                CLOCK_SYS_GetOsc0ExternalRefClockFreq
 .text.CLOCK_SYS_GetLpuartFreq
                0x00002850       0x68 ./SDK/platform/system/src/clock/MKL43Z4/fsl_clock_MKL43Z4.o
                0x00002850                CLOCK_SYS_GetLpuartFreq
 .text.CLOCK_SYS_EnablePortClock
                0x000028b8       0x48 ./SDK/platform/system/src/clock/MKL43Z4/fsl_clock_MKL43Z4.o
                0x000028b8                CLOCK_SYS_EnablePortClock
 .text.CLOCK_SYS_EnableI2cClock
                0x00002900       0x4c ./SDK/platform/system/src/clock/MKL43Z4/fsl_clock_MKL43Z4.o
                0x00002900                CLOCK_SYS_EnableI2cClock
 .text.CLOCK_SYS_EnableLpuartClock
                0x0000294c       0x4c ./SDK/platform/system/src/clock/MKL43Z4/fsl_clock_MKL43Z4.o
                0x0000294c                CLOCK_SYS_EnableLpuartClock
 .text.CLOCK_SYS_GetSystickFreq
                0x00002998       0x28 ./SDK/platform/system/src/clock/fsl_clock_manager.o
                0x00002998                CLOCK_SYS_GetSystickFreq
 .text.OSA_SemaCreate
                0x000029c0       0x54 ./SDK/platform/osa/src/fsl_os_abstraction_bm.o
                0x000029c0                OSA_SemaCreate
 .text.OSA_SemaWait
                0x00002a14       0xc8 ./SDK/platform/osa/src/fsl_os_abstraction_bm.o
                0x00002a14                OSA_SemaWait
 .text.OSA_SemaPost
                0x00002adc       0x58 ./SDK/platform/osa/src/fsl_os_abstraction_bm.o
                0x00002adc                OSA_SemaPost
 .text.OSA_EventSet
                0x00002b34       0x4c ./SDK/platform/osa/src/fsl_os_abstraction_bm.o
                0x00002b34                OSA_EventSet
 .text.task_init
                0x00002b80       0x60 ./SDK/platform/osa/src/fsl_os_abstraction_bm.o
                0x00002b80                task_init
 .text.OSA_Init
                0x00002be0       0x14 ./SDK/platform/osa/src/fsl_os_abstraction_bm.o
                0x00002be0                OSA_Init
 .text.UART_HAL_SetBaudRate
                0x00002bf4       0xac ./SDK/platform/hal/src/uart/fsl_uart_hal.o
                0x00002bf4                UART_HAL_SetBaudRate
 .text.UART_HAL_SetParityMode
                0x00002ca0       0x40 ./SDK/platform/hal/src/uart/fsl_uart_hal.o
                0x00002ca0                UART_HAL_SetParityMode
 .text.UART_HAL_Putchar
                0x00002ce0       0x34 ./SDK/platform/hal/src/uart/fsl_uart_hal.o
                0x00002ce0                UART_HAL_Putchar
 .text.UART_HAL_Getchar
                0x00002d14       0x34 ./SDK/platform/hal/src/uart/fsl_uart_hal.o
                0x00002d14                UART_HAL_Getchar
 .text.UART_HAL_SendDataPolling
                0x00002d48       0x44 ./SDK/platform/hal/src/uart/fsl_uart_hal.o
                0x00002d48                UART_HAL_SendDataPolling
 .text.UART_HAL_ReceiveDataPolling
                0x00002d8c       0xa4 ./SDK/platform/hal/src/uart/fsl_uart_hal.o
                0x00002d8c                UART_HAL_ReceiveDataPolling
 .text.CLOCK_HAL_SetLpuartSrc
                0x00002e30       0x6c ./SDK/platform/hal/src/sim/MKL43Z4/fsl_sim_hal_MKL43Z4.o
                0x00002e30                CLOCK_HAL_SetLpuartSrc
 .text.CLOCK_HAL_GetLpuartSrc
                0x00002e9c       0x64 ./SDK/platform/hal/src/sim/MKL43Z4/fsl_sim_hal_MKL43Z4.o
                0x00002e9c                CLOCK_HAL_GetLpuartSrc
 .text.SIM_HAL_SetLpuartRxSrcMode
                0x00002f00       0x68 ./SDK/platform/hal/src/sim/MKL43Z4/fsl_sim_hal_MKL43Z4.o
                0x00002f00                SIM_HAL_SetLpuartRxSrcMode
 .text.CLOCK_HAL_GetClkSrcStat
                0x00002f68       0x20 ./SDK/platform/hal/src/mcglite/fsl_mcglite_hal.o
 .text.CLOCK_HAL_GetLircClk
                0x00002f88       0x54 ./SDK/platform/hal/src/mcglite/fsl_mcglite_hal.o
                0x00002f88                CLOCK_HAL_GetLircClk
 .text.CLOCK_HAL_GetInternalRefClk
                0x00002fdc       0x5c ./SDK/platform/hal/src/mcglite/fsl_mcglite_hal.o
                0x00002fdc                CLOCK_HAL_GetInternalRefClk
 .text.CLOCK_HAL_GetOutClk
                0x00003038       0x74 ./SDK/platform/hal/src/mcglite/fsl_mcglite_hal.o
                0x00003038                CLOCK_HAL_GetOutClk
 .text.LPUART_HAL_Putchar
                0x000030ac       0x1c ./SDK/platform/hal/src/lpuart/fsl_lpuart_hal.o
 .text.LPUART_HAL_Getchar
                0x000030c8       0x1c ./SDK/platform/hal/src/lpuart/fsl_lpuart_hal.o
 .text.LPUART_HAL_SetBaudRate
                0x000030e4      0x14c ./SDK/platform/hal/src/lpuart/fsl_lpuart_hal.o
                0x000030e4                LPUART_HAL_SetBaudRate
 .text.LPUART_HAL_SetBitCountPerChar
                0x00003230       0x4c ./SDK/platform/hal/src/lpuart/fsl_lpuart_hal.o
                0x00003230                LPUART_HAL_SetBitCountPerChar
 .text.LPUART_HAL_SetParityMode
                0x0000327c       0x40 ./SDK/platform/hal/src/lpuart/fsl_lpuart_hal.o
                0x0000327c                LPUART_HAL_SetParityMode
 .text.LPUART_HAL_SendDataPolling
                0x000032bc       0x44 ./SDK/platform/hal/src/lpuart/fsl_lpuart_hal.o
                0x000032bc                LPUART_HAL_SendDataPolling
 .text.LPUART_HAL_ReceiveDataPolling
                0x00003300       0x84 ./SDK/platform/hal/src/lpuart/fsl_lpuart_hal.o
                0x00003300                LPUART_HAL_ReceiveDataPolling
 .text.I2C_HAL_GetStatusFlag
                0x00003384       0x34 ./SDK/platform/hal/src/i2c/fsl_i2c_hal.o
 .text.I2C_HAL_Init
                0x000033b8       0x50 ./SDK/platform/hal/src/i2c/fsl_i2c_hal.o
                0x000033b8                I2C_HAL_Init
 .text.I2C_HAL_SetBaudRate
                0x00003408       0xe0 ./SDK/platform/hal/src/i2c/fsl_i2c_hal.o
                0x00003408                I2C_HAL_SetBaudRate
 .text.I2C_HAL_SendStart
                0x000034e8       0x40 ./SDK/platform/hal/src/i2c/fsl_i2c_hal.o
                0x000034e8                I2C_HAL_SendStart
 .text.I2C_HAL_SendStop
                0x00003528       0x78 ./SDK/platform/hal/src/i2c/fsl_i2c_hal.o
                0x00003528                I2C_HAL_SendStop
 .text.GPIO_HAL_SetPinDir
                0x000035a0       0x6c ./SDK/platform/hal/src/gpio/fsl_gpio_hal.o
                0x000035a0                GPIO_HAL_SetPinDir
 .text.GPIO_HAL_WritePinOutput
                0x0000360c       0x50 ./SDK/platform/hal/src/gpio/fsl_gpio_hal.o
                0x0000360c                GPIO_HAL_WritePinOutput
 .text.NVIC_EnableIRQ
                0x0000365c       0x2c ./SDK/platform/drivers/src/i2c/fsl_i2c_master_driver.o
 .text.I2C_HAL_Enable
                0x00003688       0x1c ./SDK/platform/drivers/src/i2c/fsl_i2c_master_driver.o
 .text.I2C_HAL_SendAck
                0x000036a4       0x1c ./SDK/platform/drivers/src/i2c/fsl_i2c_master_driver.o
 .text.I2C_HAL_SendNak
                0x000036c0       0x1c ./SDK/platform/drivers/src/i2c/fsl_i2c_master_driver.o
 .text.I2C_HAL_SetDirMode
                0x000036dc       0x28 ./SDK/platform/drivers/src/i2c/fsl_i2c_master_driver.o
 .text.I2C_HAL_GetDirMode
                0x00003704       0x20 ./SDK/platform/drivers/src/i2c/fsl_i2c_master_driver.o
 .text.I2C_HAL_ReadByte
                0x00003724       0x18 ./SDK/platform/drivers/src/i2c/fsl_i2c_master_driver.o
 .text.I2C_HAL_WriteByte
                0x0000373c       0x30 ./SDK/platform/drivers/src/i2c/fsl_i2c_master_driver.o
 .text.I2C_HAL_GetStatusFlag
                0x0000376c       0x34 ./SDK/platform/drivers/src/i2c/fsl_i2c_master_driver.o
 .text.I2C_HAL_IsMaster
                0x000037a0       0x24 ./SDK/platform/drivers/src/i2c/fsl_i2c_master_driver.o
 .text.I2C_HAL_SetIntCmd
                0x000037c4       0x28 ./SDK/platform/drivers/src/i2c/fsl_i2c_master_driver.o
 .text.I2C_HAL_ClearInt
                0x000037ec       0x14 ./SDK/platform/drivers/src/i2c/fsl_i2c_master_driver.o
 .text.CLOCK_SYS_GetI2cFreq
                0x00003800       0x18 ./SDK/platform/drivers/src/i2c/fsl_i2c_master_driver.o
 .text.INT_SYS_EnableIRQ
                0x00003818       0x5c ./SDK/platform/drivers/src/i2c/fsl_i2c_master_driver.o
 .text.I2C_DRV_MasterInit
                0x00003874       0xc4 ./SDK/platform/drivers/src/i2c/fsl_i2c_master_driver.o
                0x00003874                I2C_DRV_MasterInit
 .text.I2C_DRV_MasterSetBaudRate
                0x00003938       0x98 ./SDK/platform/drivers/src/i2c/fsl_i2c_master_driver.o
                0x00003938                I2C_DRV_MasterSetBaudRate
 .text.I2C_DRV_MasterSendDataBlocking
                0x000039d0       0x34 ./SDK/platform/drivers/src/i2c/fsl_i2c_master_driver.o
                0x000039d0                I2C_DRV_MasterSendDataBlocking
 .text.I2C_DRV_MasterReceiveDataBlocking
                0x00003a04       0x34 ./SDK/platform/drivers/src/i2c/fsl_i2c_master_driver.o
                0x00003a04                I2C_DRV_MasterReceiveDataBlocking
 .text.I2C_DRV_MasterIRQHandler
                0x00003a38      0x134 ./SDK/platform/drivers/src/i2c/fsl_i2c_master_driver.o
                0x00003a38                I2C_DRV_MasterIRQHandler
 .text.I2C_DRV_MasterWait
                0x00003b6c       0x7c ./SDK/platform/drivers/src/i2c/fsl_i2c_master_driver.o
 .text.I2C_DRV_CompleteTransfer
                0x00003be8       0x98 ./SDK/platform/drivers/src/i2c/fsl_i2c_master_driver.o
 .text.I2C_DRV_SendAddress
                0x00003c80      0x224 ./SDK/platform/drivers/src/i2c/fsl_i2c_master_driver.o
 .text.I2C_DRV_MasterSend
                0x00003ea4      0x184 ./SDK/platform/drivers/src/i2c/fsl_i2c_master_driver.o
 .text.I2C_DRV_MasterReceive
                0x00004028      0x194 ./SDK/platform/drivers/src/i2c/fsl_i2c_master_driver.o
 .text.I2C_HAL_IsMaster
                0x000041bc       0x24 ./SDK/platform/drivers/src/i2c/fsl_i2c_shared_function.o
 .text.I2C_DRV_IRQHandler
                0x000041e0       0x5c ./SDK/platform/drivers/src/i2c/fsl_i2c_shared_function.o
                0x000041e0                I2C_DRV_IRQHandler
 .text.I2C_HAL_SetDirMode
                0x0000423c       0x28 ./SDK/platform/drivers/src/i2c/fsl_i2c_slave_driver.o
 .text.I2C_HAL_GetDirMode
                0x00004264       0x20 ./SDK/platform/drivers/src/i2c/fsl_i2c_slave_driver.o
 .text.I2C_HAL_ReadByte
                0x00004284       0x18 ./SDK/platform/drivers/src/i2c/fsl_i2c_slave_driver.o
 .text.I2C_HAL_WriteByte
                0x0000429c       0x30 ./SDK/platform/drivers/src/i2c/fsl_i2c_slave_driver.o
 .text.I2C_HAL_GetStatusFlag
                0x000042cc       0x34 ./SDK/platform/drivers/src/i2c/fsl_i2c_slave_driver.o
 .text.I2C_HAL_ClearArbitrationLost
                0x00004300       0x14 ./SDK/platform/drivers/src/i2c/fsl_i2c_slave_driver.o
 .text.I2C_HAL_SetIntCmd
                0x00004314       0x28 ./SDK/platform/drivers/src/i2c/fsl_i2c_slave_driver.o
 .text.I2C_HAL_ClearInt
                0x0000433c       0x14 ./SDK/platform/drivers/src/i2c/fsl_i2c_slave_driver.o
 .text.I2C_HAL_GetStopFlag
                0x00004350       0x24 ./SDK/platform/drivers/src/i2c/fsl_i2c_slave_driver.o
 .text.I2C_HAL_ClearStopFlag
                0x00004374       0x1c ./SDK/platform/drivers/src/i2c/fsl_i2c_slave_driver.o
 .text.I2C_HAL_GetStartStopIntCmd
                0x00004390       0x24 ./SDK/platform/drivers/src/i2c/fsl_i2c_slave_driver.o
 .text.I2C_HAL_GetStartFlag
                0x000043b4       0x24 ./SDK/platform/drivers/src/i2c/fsl_i2c_slave_driver.o
 .text.I2C_HAL_ClearStartFlag
                0x000043d8       0x1c ./SDK/platform/drivers/src/i2c/fsl_i2c_slave_driver.o
 .text.I2C_DRV_SlaveIRQHandler
                0x000043f4      0x424 ./SDK/platform/drivers/src/i2c/fsl_i2c_slave_driver.o
                0x000043f4                I2C_DRV_SlaveIRQHandler
 .text.NVIC_EnableIRQ
                0x00004818       0x2c ./SDK/platform/drivers/src/gpio/fsl_gpio_driver.o
 .text.PORT_HAL_SetPullMode
                0x00004844       0x48 ./SDK/platform/drivers/src/gpio/fsl_gpio_driver.o
 .text.PORT_HAL_SetPullCmd
                0x0000488c       0x4c ./SDK/platform/drivers/src/gpio/fsl_gpio_driver.o
 .text.PORT_HAL_SetSlewRateMode
                0x000048d8       0x4c ./SDK/platform/drivers/src/gpio/fsl_gpio_driver.o
 .text.PORT_HAL_SetPassiveFilterCmd
                0x00004924       0x4c ./SDK/platform/drivers/src/gpio/fsl_gpio_driver.o
 .text.PORT_HAL_SetDriveStrengthMode
                0x00004970       0x4c ./SDK/platform/drivers/src/gpio/fsl_gpio_driver.o
 .text.PORT_HAL_SetMuxMode
                0x000049bc       0x4c ./SDK/platform/drivers/src/gpio/fsl_gpio_driver.o
 .text.PORT_HAL_SetPinIntMode
                0x00004a08       0x4c ./SDK/platform/drivers/src/gpio/fsl_gpio_driver.o
 .text.INT_SYS_EnableIRQ
                0x00004a54       0x5c ./SDK/platform/drivers/src/gpio/fsl_gpio_driver.o
 .text.GPIO_DRV_Init
                0x00004ab0       0x4c ./SDK/platform/drivers/src/gpio/fsl_gpio_driver.o
                0x00004ab0                GPIO_DRV_Init
 .text.GPIO_DRV_InputPinInit
                0x00004afc       0xd4 ./SDK/platform/drivers/src/gpio/fsl_gpio_driver.o
                0x00004afc                GPIO_DRV_InputPinInit
 .text.GPIO_DRV_OutputPinInit
                0x00004bd0       0x9c ./SDK/platform/drivers/src/gpio/fsl_gpio_driver.o
                0x00004bd0                GPIO_DRV_OutputPinInit
 .text.SystemInit
                0x00004c6c       0xc8 ./SDK/platform/devices/MKL43Z4/startup/system_MKL43Z4.o
                0x00004c6c                SystemInit
 .text.init_data_bss
                0x00004d34       0xc8 ./SDK/platform/devices/startup.o
                0x00004d34                init_data_bss
 .text.CLOCK_SYS_SetLpuartSrc
                0x00004dfc       0x2c ./Generated_Code/Cpu.o
 .text.Components_Init
                0x00004e28       0x48 ./Generated_Code/Cpu.o
                0x00004e28                Components_Init
 .text.WAIT1_Wait10Cycles
                0x00004e70        0x8 ./Generated_Code/WAIT1.o
                0x00004e70                WAIT1_Wait10Cycles
 .text.WAIT1_Wait100Cycles
                0x00004e78       0x18 ./Generated_Code/WAIT1.o
                0x00004e78                WAIT1_Wait100Cycles
 .text.WAIT1_WaitCycles
                0x00004e90       0x44 ./Generated_Code/WAIT1.o
                0x00004e90                WAIT1_WaitCycles
 .text.WAIT1_WaitLongCycles
                0x00004ed4       0x3c ./Generated_Code/WAIT1.o
                0x00004ed4                WAIT1_WaitLongCycles
 .text.WAIT1_Waitms
                0x00004f10       0x44 ./Generated_Code/WAIT1.o
                0x00004f10                WAIT1_Waitms
 .text.SIM_HAL_EnableClock
                0x00004f54       0x58 ./Generated_Code/hardware_init.o
 .text.hardware_init
                0x00004fac       0x78 ./Generated_Code/hardware_init.o
                0x00004fac                hardware_init
 .text.NVIC_SetPriority
                0x00005024       0xe0 ./Generated_Code/osa1.o
 .text.SysTick_Handler
                0x00005104       0x1c ./Generated_Code/osa1.o
                0x00005104                SysTick_Handler
 .text.OSA_TimeInit
                0x00005120       0xc0 ./Generated_Code/osa1.o
                0x00005120                OSA_TimeInit
 .text.OSA_TimeDiff
                0x000051e0       0x30 ./Generated_Code/osa1.o
                0x000051e0                OSA_TimeDiff
 .text.OSA_TimeGetMsec
                0x00005210       0x14 ./Generated_Code/osa1.o
                0x00005210                OSA_TimeGetMsec
 .text.PORT_HAL_SetMuxMode
                0x00005224       0x4c ./Generated_Code/pin_init.o
 .text.init_coredebug_pins
                0x00005270       0x2c ./Generated_Code/pin_init.o
                0x00005270                init_coredebug_pins
 .text.init_gpio_pins
                0x0000529c       0x54 ./Generated_Code/pin_init.o
                0x0000529c                init_gpio_pins
 .text.init_i2c_pins
                0x000052f0       0x34 ./Generated_Code/pin_init.o
                0x000052f0                init_i2c_pins
 .text.init_llwu_pins
                0x00005324       0x20 ./Generated_Code/pin_init.o
                0x00005324                init_llwu_pins
 .text.init_lpuart_pins
                0x00005344       0x44 ./Generated_Code/pin_init.o
                0x00005344                init_lpuart_pins
 .text.init_osc_pins
                0x00005388       0x2c ./Generated_Code/pin_init.o
                0x00005388                init_osc_pins
 .text.init_rcm_pins
                0x000053b4       0x20 ./Generated_Code/pin_init.o
                0x000053b4                init_rcm_pins
 .text.__assert_func
                0x000053d4       0x3c c:/freescale/kds_3.0.0/toolchain/bin/../lib/gcc/arm-none-eabi/4.8.4/../../../../arm-none-eabi/lib/armv6-m\libg_s.a(lib_a-assert.o)
                0x000053d4                __assert_func
 .text.exit     0x00005410       0x2c c:/freescale/kds_3.0.0/toolchain/bin/../lib/gcc/arm-none-eabi/4.8.4/../../../../arm-none-eabi/lib/armv6-m\libg_s.a(lib_a-exit.o)
                0x00005410                exit
 .text.fprintf  0x0000543c       0x24 c:/freescale/kds_3.0.0/toolchain/bin/../lib/gcc/arm-none-eabi/4.8.4/../../../../arm-none-eabi/lib/armv6-m\libg_s.a(lib_a-fprintf.o)
                0x0000543c                fiprintf
                0x0000543c                fprintf
 .text.__libc_init_array
                0x00005460       0x4c c:/freescale/kds_3.0.0/toolchain/bin/../lib/gcc/arm-none-eabi/4.8.4/../../../../arm-none-eabi/lib/armv6-m\libg_s.a(lib_a-init.o)
                0x00005460                __libc_init_array
 .text.memset   0x000054ac       0x10 c:/freescale/kds_3.0.0/toolchain/bin/../lib/gcc/arm-none-eabi/4.8.4/../../../../arm-none-eabi/lib/armv6-m\libg_s.a(lib_a-memset.o)
                0x000054ac                memset
 .text._free_r  0x000054bc       0x90 c:/freescale/kds_3.0.0/toolchain/bin/../lib/gcc/arm-none-eabi/4.8.4/../../../../arm-none-eabi/lib/armv6-m\libg_s.a(lib_a-nano-freer.o)
                0x000054bc                _free_r
 .text._malloc_r
                0x0000554c       0xa8 c:/freescale/kds_3.0.0/toolchain/bin/../lib/gcc/arm-none-eabi/4.8.4/../../../../arm-none-eabi/lib/armv6-m\libg_s.a(lib_a-nano-mallocr.o)
                0x0000554c                _malloc_r
 .text._sbrk_r  0x000055f4       0x24 c:/freescale/kds_3.0.0/toolchain/bin/../lib/gcc/arm-none-eabi/4.8.4/../../../../arm-none-eabi/lib/armv6-m\libg_s.a(lib_a-sbrkr.o)
                0x000055f4                _sbrk_r
 .text.strlen   0x00005618        0xe c:/freescale/kds_3.0.0/toolchain/bin/../lib/gcc/arm-none-eabi/4.8.4/../../../../arm-none-eabi/lib/armv6-m\libg_s.a(lib_a-strlen.o)
                0x00005618                strlen
 .text.__sfputc_r
                0x00005626       0x2a c:/freescale/kds_3.0.0/toolchain/bin/../lib/gcc/arm-none-eabi/4.8.4/../../../../arm-none-eabi/lib/armv6-m\libg_s.a(lib_a-vfprintf.o)
 .text.__sfputs_r
                0x00005650       0x24 c:/freescale/kds_3.0.0/toolchain/bin/../lib/gcc/arm-none-eabi/4.8.4/../../../../arm-none-eabi/lib/armv6-m\libg_s.a(lib_a-vfprintf.o)
                0x00005650                __sfputs_r
 .text._vfprintf_r
                0x00005674      0x210 c:/freescale/kds_3.0.0/toolchain/bin/../lib/gcc/arm-none-eabi/4.8.4/../../../../arm-none-eabi/lib/armv6-m\libg_s.a(lib_a-vfprintf.o)
                0x00005674                _vfprintf_r
                0x00005674                _vfiprintf_r
 .text._printf_common
                0x00005884       0xe8 c:/freescale/kds_3.0.0/toolchain/bin/../lib/gcc/arm-none-eabi/4.8.4/../../../../arm-none-eabi/lib/armv6-m\libg_s.a(lib_a-vfprintf_i.o)
                0x00005884                _printf_common
 .text._printf_i
                0x0000596c      0x22c c:/freescale/kds_3.0.0/toolchain/bin/../lib/gcc/arm-none-eabi/4.8.4/../../../../arm-none-eabi/lib/armv6-m\libg_s.a(lib_a-vfprintf_i.o)
                0x0000596c                _printf_i
 .text.__swbuf_r
                0x00005b98       0xb0 c:/freescale/kds_3.0.0/toolchain/bin/../lib/gcc/arm-none-eabi/4.8.4/../../../../arm-none-eabi/lib/armv6-m\libg_s.a(lib_a-wbuf.o)
                0x00005b98                __swbuf_r
 .text.__swsetup_r
                0x00005c48       0xe4 c:/freescale/kds_3.0.0/toolchain/bin/../lib/gcc/arm-none-eabi/4.8.4/../../../../arm-none-eabi/lib/armv6-m\libg_s.a(lib_a-wsetup.o)
                0x00005c48                __swsetup_r
 .text.abort    0x00005d2c        0xe c:/freescale/kds_3.0.0/toolchain/bin/../lib/gcc/arm-none-eabi/4.8.4/../../../../arm-none-eabi/lib/armv6-m\libg_s.a(lib_a-abort.o)
                0x00005d2c                abort
 .text.__sflush_r
                0x00005d3a      0x112 c:/freescale/kds_3.0.0/toolchain/bin/../lib/gcc/arm-none-eabi/4.8.4/../../../../arm-none-eabi/lib/armv6-m\libg_s.a(lib_a-fflush.o)
                0x00005d3a                __sflush_r
 .text._fflush_r
                0x00005e4c       0x58 c:/freescale/kds_3.0.0/toolchain/bin/../lib/gcc/arm-none-eabi/4.8.4/../../../../arm-none-eabi/lib/armv6-m\libg_s.a(lib_a-fflush.o)
                0x00005e4c                _fflush_r
 .text._cleanup_r
                0x00005ea4       0x34 c:/freescale/kds_3.0.0/toolchain/bin/../lib/gcc/arm-none-eabi/4.8.4/../../../../arm-none-eabi/lib/armv6-m\libg_s.a(lib_a-findfp.o)
                0x00005ea4                _cleanup_r
 .text.std.isra.0
                0x00005ed8       0x48 c:/freescale/kds_3.0.0/toolchain/bin/../lib/gcc/arm-none-eabi/4.8.4/../../../../arm-none-eabi/lib/armv6-m\libg_s.a(lib_a-findfp.o)
 .text.__sfmoreglue
                0x00005f20       0x2c c:/freescale/kds_3.0.0/toolchain/bin/../lib/gcc/arm-none-eabi/4.8.4/../../../../arm-none-eabi/lib/armv6-m\libg_s.a(lib_a-findfp.o)
                0x00005f20                __sfmoreglue
 .text.__sinit  0x00005f4c       0x64 c:/freescale/kds_3.0.0/toolchain/bin/../lib/gcc/arm-none-eabi/4.8.4/../../../../arm-none-eabi/lib/armv6-m\libg_s.a(lib_a-findfp.o)
                0x00005f4c                __sinit
 .text.__sfp    0x00005fb0       0x7c c:/freescale/kds_3.0.0/toolchain/bin/../lib/gcc/arm-none-eabi/4.8.4/../../../../arm-none-eabi/lib/armv6-m\libg_s.a(lib_a-findfp.o)
                0x00005fb0                __sfp
 .text.__smakebuf_r
                0x0000602c       0xa0 c:/freescale/kds_3.0.0/toolchain/bin/../lib/gcc/arm-none-eabi/4.8.4/../../../../arm-none-eabi/lib/armv6-m\libg_s.a(lib_a-makebuf.o)
                0x0000602c                __smakebuf_r
 .text.memchr   0x000060cc       0x16 c:/freescale/kds_3.0.0/toolchain/bin/../lib/gcc/arm-none-eabi/4.8.4/../../../../arm-none-eabi/lib/armv6-m\libg_s.a(lib_a-memchr-stub.o)
                0x000060cc                memchr
 .text._raise_r
                0x000060e2       0x56 c:/freescale/kds_3.0.0/toolchain/bin/../lib/gcc/arm-none-eabi/4.8.4/../../../../arm-none-eabi/lib/armv6-m\libg_s.a(lib_a-signal.o)
                0x000060e2                _raise_r
 .text.raise    0x00006138       0x14 c:/freescale/kds_3.0.0/toolchain/bin/../lib/gcc/arm-none-eabi/4.8.4/../../../../arm-none-eabi/lib/armv6-m\libg_s.a(lib_a-signal.o)
                0x00006138                raise
 .text._kill_r  0x0000614c       0x24 c:/freescale/kds_3.0.0/toolchain/bin/../lib/gcc/arm-none-eabi/4.8.4/../../../../arm-none-eabi/lib/armv6-m\libg_s.a(lib_a-signalr.o)
                0x0000614c                _kill_r
 .text._getpid_r
                0x00006170        0x8 c:/freescale/kds_3.0.0/toolchain/bin/../lib/gcc/arm-none-eabi/4.8.4/../../../../arm-none-eabi/lib/armv6-m\libg_s.a(lib_a-signalr.o)
                0x00006170                _getpid_r
 .text.__sread  0x00006178       0x28 c:/freescale/kds_3.0.0/toolchain/bin/../lib/gcc/arm-none-eabi/4.8.4/../../../../arm-none-eabi/lib/armv6-m\libg_s.a(lib_a-stdio.o)
                0x00006178                __sread
 .text.__swrite
                0x000061a0       0x38 c:/freescale/kds_3.0.0/toolchain/bin/../lib/gcc/arm-none-eabi/4.8.4/../../../../arm-none-eabi/lib/armv6-m\libg_s.a(lib_a-stdio.o)
                0x000061a0                __swrite
 .text.__sseek  0x000061d8       0x2c c:/freescale/kds_3.0.0/toolchain/bin/../lib/gcc/arm-none-eabi/4.8.4/../../../../arm-none-eabi/lib/armv6-m\libg_s.a(lib_a-stdio.o)
                0x000061d8                __sseek
 .text.__sclose
                0x00006204        0xc c:/freescale/kds_3.0.0/toolchain/bin/../lib/gcc/arm-none-eabi/4.8.4/../../../../arm-none-eabi/lib/armv6-m\libg_s.a(lib_a-stdio.o)
                0x00006204                __sclose
 .text._write_r
                0x00006210       0x28 c:/freescale/kds_3.0.0/toolchain/bin/../lib/gcc/arm-none-eabi/4.8.4/../../../../arm-none-eabi/lib/armv6-m\libg_s.a(lib_a-writer.o)
                0x00006210                _write_r
 .text._close_r
                0x00006238       0x24 c:/freescale/kds_3.0.0/toolchain/bin/../lib/gcc/arm-none-eabi/4.8.4/../../../../arm-none-eabi/lib/armv6-m\libg_s.a(lib_a-closer.o)
                0x00006238                _close_r
 .text._fstat_r
                0x0000625c       0x24 c:/freescale/kds_3.0.0/toolchain/bin/../lib/gcc/arm-none-eabi/4.8.4/../../../../arm-none-eabi/lib/armv6-m\libg_s.a(lib_a-fstatr.o)
                0x0000625c                _fstat_r
 .text._isatty_r
                0x00006280       0x24 c:/freescale/kds_3.0.0/toolchain/bin/../lib/gcc/arm-none-eabi/4.8.4/../../../../arm-none-eabi/lib/armv6-m\libg_s.a(lib_a-isattyr.o)
                0x00006280                _isatty_r
 .text._lseek_r
                0x000062a4       0x28 c:/freescale/kds_3.0.0/toolchain/bin/../lib/gcc/arm-none-eabi/4.8.4/../../../../arm-none-eabi/lib/armv6-m\libg_s.a(lib_a-lseekr.o)
                0x000062a4                _lseek_r
 .text._read_r  0x000062cc       0x28 c:/freescale/kds_3.0.0/toolchain/bin/../lib/gcc/arm-none-eabi/4.8.4/../../../../arm-none-eabi/lib/armv6-m\libg_s.a(lib_a-readr.o)
                0x000062cc                _read_r
 .text._close   0x000062f4       0x10 c:/freescale/kds_3.0.0/toolchain/bin/../lib/gcc/arm-none-eabi/4.8.4/../../../../arm-none-eabi/lib/armv6-m\libnosys.a(close.o)
                0x000062f4                _close
 .text._fstat   0x00006304       0x10 c:/freescale/kds_3.0.0/toolchain/bin/../lib/gcc/arm-none-eabi/4.8.4/../../../../arm-none-eabi/lib/armv6-m\libnosys.a(fstat.o)
                0x00006304                _fstat
 .text._getpid  0x00006314       0x10 c:/freescale/kds_3.0.0/toolchain/bin/../lib/gcc/arm-none-eabi/4.8.4/../../../../arm-none-eabi/lib/armv6-m\libnosys.a(getpid.o)
                0x00006314                _getpid
 .text._isatty  0x00006324       0x10 c:/freescale/kds_3.0.0/toolchain/bin/../lib/gcc/arm-none-eabi/4.8.4/../../../../arm-none-eabi/lib/armv6-m\libnosys.a(isatty.o)
                0x00006324                _isatty
 .text._kill    0x00006334       0x10 c:/freescale/kds_3.0.0/toolchain/bin/../lib/gcc/arm-none-eabi/4.8.4/../../../../arm-none-eabi/lib/armv6-m\libnosys.a(kill.o)
                0x00006334                _kill
 .text._lseek   0x00006344       0x10 c:/freescale/kds_3.0.0/toolchain/bin/../lib/gcc/arm-none-eabi/4.8.4/../../../../arm-none-eabi/lib/armv6-m\libnosys.a(lseek.o)
                0x00006344                _lseek
 .text._sbrk    0x00006354       0x34 c:/freescale/kds_3.0.0/toolchain/bin/../lib/gcc/arm-none-eabi/4.8.4/../../../../arm-none-eabi/lib/armv6-m\libnosys.a(sbrk.o)
                0x00006354                _sbrk
 .text._exit    0x00006388        0x4 c:/freescale/kds_3.0.0/toolchain/bin/../lib/gcc/arm-none-eabi/4.8.4/../../../../arm-none-eabi/lib/armv6-m\libnosys.a(_exit.o)
                0x00006388                _exit
 *(.rodata)
 .rodata        0x0000638c       0x64 ./Sources/Events.o
 .rodata        0x000063f0      0x108 ./Sources/main.o
 .rodata        0x000064f8        0x8 ./SDK/platform/utilities/src/fsl_debug_console.o
 .rodata        0x00006500      0x1cc ./SDK/platform/system/src/clock/MKL43Z4/fsl_clock_MKL43Z4.o
 .rodata        0x000066cc       0x64 ./SDK/platform/osa/src/fsl_os_abstraction_bm.o
 .rodata        0x00006730       0xa0 ./SDK/platform/hal/src/sim/MKL43Z4/fsl_sim_hal_MKL43Z4.o
 .rodata        0x000067d0       0x48 ./SDK/platform/hal/src/i2c/fsl_i2c_hal.o
 .rodata        0x00006818       0x38 ./SDK/platform/hal/src/gpio/fsl_gpio_hal.o
 .rodata        0x00006850      0x118 ./SDK/platform/drivers/src/i2c/fsl_i2c_master_driver.o
 .rodata        0x00006968       0x5c ./SDK/platform/drivers/src/i2c/fsl_i2c_shared_function.o
 .rodata        0x000069c4      0x110 ./SDK/platform/drivers/src/i2c/fsl_i2c_slave_driver.o
 .rodata        0x00006ad4      0x168 ./SDK/platform/drivers/src/gpio/fsl_gpio_driver.o
 .rodata        0x00006c3c       0x70 ./Generated_Code/osa1.o
 .rodata        0x00006cac       0x64 ./Generated_Code/pin_init.o
 .rodata        0x00006d10       0x40 c:/freescale/kds_3.0.0/toolchain/bin/../lib/gcc/arm-none-eabi/4.8.4/armv6-m\libgcc.a(divsf3.o)
 *(.rodata*)
 .rodata.__func__.6503
                0x00006d50       0x1c ./Sources/Events.o
 .rodata.__func__.6498
                0x00006d6c       0x1c ./Sources/Events.o
 .rodata._doprint
                0x00006d88       0xc8 ./SDK/platform/utilities/src/print_scan.o
 .rodata.CLOCK_SYS_GetFreq
                0x00006e50       0x58 ./SDK/platform/system/src/clock/MKL43Z4/fsl_clock_MKL43Z4.o
 .rodata.portGateTable
                0x00006ea8        0x8 ./SDK/platform/system/src/clock/MKL43Z4/fsl_clock_MKL43Z4.o
 .rodata.lpuartGateTable
                0x00006eb0        0x4 ./SDK/platform/system/src/clock/MKL43Z4/fsl_clock_MKL43Z4.o
 .rodata.__func__.6355
                0x00006eb4       0x1c ./SDK/platform/system/src/clock/MKL43Z4/fsl_clock_MKL43Z4.o
 .rodata.__func__.6394
                0x00006ed0       0x1c ./SDK/platform/system/src/clock/MKL43Z4/fsl_clock_MKL43Z4.o
 .rodata.__func__.6407
                0x00006eec       0x1c ./SDK/platform/system/src/clock/MKL43Z4/fsl_clock_MKL43Z4.o
 .rodata.g_oscBase
                0x00006f08        0x4 ./SDK/platform/system/src/clock/fsl_clock_manager_common.o
                0x00006f08                g_oscBase
 .rodata.__func__.6412
                0x00006f0c       0x10 ./SDK/platform/osa/src/fsl_os_abstraction_bm.o
 .rodata.__func__.6418
                0x00006f1c       0x10 ./SDK/platform/osa/src/fsl_os_abstraction_bm.o
 .rodata.__func__.6422
                0x00006f2c       0x10 ./SDK/platform/osa/src/fsl_os_abstraction_bm.o
 .rodata.__func__.6468
                0x00006f3c       0x10 ./SDK/platform/osa/src/fsl_os_abstraction_bm.o
 .rodata.__func__.5551
                0x00006f4c       0x18 ./SDK/platform/hal/src/sim/MKL43Z4/fsl_sim_hal_MKL43Z4.o
 .rodata.__func__.5556
                0x00006f64       0x18 ./SDK/platform/hal/src/sim/MKL43Z4/fsl_sim_hal_MKL43Z4.o
 .rodata.__func__.5576
                0x00006f7c       0x1c ./SDK/platform/hal/src/sim/MKL43Z4/fsl_sim_hal_MKL43Z4.o
 .rodata.kI2CDividerTable
                0x00006f98       0xc8 ./SDK/platform/hal/src/i2c/fsl_i2c_hal.o
                0x00006f98                kI2CDividerTable
 .rodata.__func__.5358
                0x00007060       0x14 ./SDK/platform/hal/src/i2c/fsl_i2c_hal.o
 .rodata.__func__.5197
                0x00007074       0x14 ./SDK/platform/hal/src/gpio/fsl_gpio_hal.o
 .rodata.__func__.5203
                0x00007088       0x18 ./SDK/platform/hal/src/gpio/fsl_gpio_hal.o
 .rodata.g_i2cBase
                0x000070a0        0x8 ./SDK/platform/drivers/src/i2c/fsl_i2c_common.o
                0x000070a0                g_i2cBase
 .rodata.g_i2cIrqId
                0x000070a8        0x4 ./SDK/platform/drivers/src/i2c/fsl_i2c_common.o
                0x000070a8                g_i2cIrqId
 .rodata.__func__.6799
                0x000070ac       0x14 ./SDK/platform/drivers/src/i2c/fsl_i2c_master_driver.o
 .rodata.__func__.6756
                0x000070c0       0x14 ./SDK/platform/drivers/src/i2c/fsl_i2c_master_driver.o
 .rodata.__func__.6811
                0x000070d4       0x1c ./SDK/platform/drivers/src/i2c/fsl_i2c_master_driver.o
 .rodata.__func__.6870
                0x000070f0       0x1c ./SDK/platform/drivers/src/i2c/fsl_i2c_master_driver.o
 .rodata.__func__.6882
                0x0000710c       0x14 ./SDK/platform/drivers/src/i2c/fsl_i2c_master_driver.o
 .rodata.__func__.6890
                0x00007120       0x1c ./SDK/platform/drivers/src/i2c/fsl_i2c_master_driver.o
 .rodata.__func__.6901
                0x0000713c       0x14 ./SDK/platform/drivers/src/i2c/fsl_i2c_master_driver.o
 .rodata.__func__.6921
                0x00007150       0x14 ./SDK/platform/drivers/src/i2c/fsl_i2c_master_driver.o
 .rodata.__func__.6934
                0x00007164       0x18 ./SDK/platform/drivers/src/i2c/fsl_i2c_master_driver.o
 .rodata.__func__.5339
                0x0000717c       0x14 ./SDK/platform/drivers/src/i2c/fsl_i2c_shared_function.o
 .rodata.__func__.6860
                0x00007190       0x18 ./SDK/platform/drivers/src/i2c/fsl_i2c_slave_driver.o
 .rodata.g_gpioBase
                0x000071a8       0x14 ./SDK/platform/drivers/src/gpio/fsl_gpio_common.o
                0x000071a8                g_gpioBase
 .rodata.g_portBase
                0x000071bc       0x14 ./SDK/platform/drivers/src/gpio/fsl_gpio_common.o
                0x000071bc                g_portBase
 .rodata.g_portIrqId
                0x000071d0        0x8 ./SDK/platform/drivers/src/gpio/fsl_gpio_common.o
                0x000071d0                g_portIrqId
 .rodata.__func__.5189
                0x000071d8       0x14 ./SDK/platform/drivers/src/gpio/fsl_gpio_driver.o
 .rodata.__func__.5165
                0x000071ec       0x14 ./SDK/platform/drivers/src/gpio/fsl_gpio_driver.o
 .rodata.__func__.5159
                0x00007200       0x18 ./SDK/platform/drivers/src/gpio/fsl_gpio_driver.o
 .rodata.__func__.5177
                0x00007218       0x20 ./SDK/platform/drivers/src/gpio/fsl_gpio_driver.o
 .rodata.__func__.5203
                0x00007238       0x18 ./SDK/platform/drivers/src/gpio/fsl_gpio_driver.o
 .rodata.__func__.6472
                0x00007250       0x14 ./SDK/platform/drivers/src/gpio/fsl_gpio_driver.o
 .rodata.__func__.5171
                0x00007264       0x1c ./SDK/platform/drivers/src/gpio/fsl_gpio_driver.o
 .rodata.__func__.5183
                0x00007280       0x20 ./SDK/platform/drivers/src/gpio/fsl_gpio_driver.o
 .rodata.gpio1_InpConfig0
                0x000072a0       0x20 ./Generated_Code/gpio1.o
                0x000072a0                gpio1_InpConfig0
 .rodata.i2cCom1_MasterConfig0
                0x000072c0        0x8 ./Generated_Code/i2cCom1.o
                0x000072c0                i2cCom1_MasterConfig0
 .rodata.i2cCom1_MasterConfig1
                0x000072c8        0x8 ./Generated_Code/i2cCom1.o
                0x000072c8                i2cCom1_MasterConfig1
 .rodata.__func__.7984
                0x000072d0       0x10 ./Generated_Code/osa1.o
 .rodata.__func__.5189
                0x000072e0       0x14 ./Generated_Code/pin_init.o
 .rodata.str1.1
                0x000072f4       0x3c c:/freescale/kds_3.0.0/toolchain/bin/../lib/gcc/arm-none-eabi/4.8.4/../../../../arm-none-eabi/lib/armv6-m\libg_s.a(lib_a-assert.o)
                                 0x3d (size before relaxing)
 .rodata.str1.1
                0x00007330        0x2 c:/freescale/kds_3.0.0/toolchain/bin/../lib/gcc/arm-none-eabi/4.8.4/../../../../arm-none-eabi/lib/armv6-m\libg_s.a(lib_a-impure.o)
 *fill*         0x00007332        0x2 
 .rodata._global_impure_ptr
                0x00007334        0x4 c:/freescale/kds_3.0.0/toolchain/bin/../lib/gcc/arm-none-eabi/4.8.4/../../../../arm-none-eabi/lib/armv6-m\libg_s.a(lib_a-impure.o)
                0x00007334                _global_impure_ptr
 .rodata.str1.1
                0x00007338       0x11 c:/freescale/kds_3.0.0/toolchain/bin/../lib/gcc/arm-none-eabi/4.8.4/../../../../arm-none-eabi/lib/armv6-m\libg_s.a(lib_a-vfprintf.o)
 .rodata.str1.1
                0x00007349       0x22 c:/freescale/kds_3.0.0/toolchain/bin/../lib/gcc/arm-none-eabi/4.8.4/../../../../arm-none-eabi/lib/armv6-m\libg_s.a(lib_a-vfprintf_i.o)
 *fill*         0x0000736b        0x1 
 .rodata.__sf_fake_stdin
                0x0000736c       0x20 c:/freescale/kds_3.0.0/toolchain/bin/../lib/gcc/arm-none-eabi/4.8.4/../../../../arm-none-eabi/lib/armv6-m\libg_s.a(lib_a-findfp.o)
                0x0000736c                __sf_fake_stdin
 .rodata.__sf_fake_stdout
                0x0000738c       0x20 c:/freescale/kds_3.0.0/toolchain/bin/../lib/gcc/arm-none-eabi/4.8.4/../../../../arm-none-eabi/lib/armv6-m\libg_s.a(lib_a-findfp.o)
                0x0000738c                __sf_fake_stdout
 .rodata.__sf_fake_stderr
                0x000073ac       0x20 c:/freescale/kds_3.0.0/toolchain/bin/../lib/gcc/arm-none-eabi/4.8.4/../../../../arm-none-eabi/lib/armv6-m\libg_s.a(lib_a-findfp.o)
                0x000073ac                __sf_fake_stderr
 *(.glue_7)
 .glue_7        0x00000000        0x0 linker stubs
 *(.glue_7t)
 .glue_7t       0x00000000        0x0 linker stubs
 *(.eh_frame)
 .eh_frame      0x000073cc        0x0 c:/freescale/kds_3.0.0/toolchain/bin/../lib/gcc/arm-none-eabi/4.8.4/armv6-m/crtbegin.o
 *(.init)
 .init          0x000073cc        0x4 c:/freescale/kds_3.0.0/toolchain/bin/../lib/gcc/arm-none-eabi/4.8.4/armv6-m/crti.o
                0x000073cc                _init
 .init          0x000073d0        0x8 c:/freescale/kds_3.0.0/toolchain/bin/../lib/gcc/arm-none-eabi/4.8.4/armv6-m/crtn.o
 *(.fini)
 .fini          0x000073d8        0x4 c:/freescale/kds_3.0.0/toolchain/bin/../lib/gcc/arm-none-eabi/4.8.4/armv6-m/crti.o
                0x000073d8                _fini
 .fini          0x000073dc        0x8 c:/freescale/kds_3.0.0/toolchain/bin/../lib/gcc/arm-none-eabi/4.8.4/armv6-m/crtn.o
                0x000073e4                . = ALIGN (0x4)

.vfp11_veneer   0x000073e4        0x0
 .vfp11_veneer  0x00000000        0x0 linker stubs

.v4_bx          0x000073e4        0x0
 .v4_bx         0x00000000        0x0 linker stubs

.iplt           0x000073e4        0x0
 .iplt          0x00000000        0x0 c:/freescale/kds_3.0.0/toolchain/bin/../lib/gcc/arm-none-eabi/4.8.4/armv6-m/crtbegin.o

.ARM.extab
 *(.ARM.extab* .gnu.linkonce.armextab.*)

.ARM            0x000073e4        0x8
                0x000073e4                __exidx_start = .
 *(.ARM.exidx*)
 .ARM.exidx     0x000073e4        0x8 c:/freescale/kds_3.0.0/toolchain/bin/../lib/gcc/arm-none-eabi/4.8.4/../../../../arm-none-eabi/lib/armv6-m/crt0.o
 .ARM.exidx     0x000073ec        0x0 c:/freescale/kds_3.0.0/toolchain/bin/../lib/gcc/arm-none-eabi/4.8.4/armv6-m\libgcc.a(_divdi3.o)
                                  0x8 (size before relaxing)
 .ARM.exidx     0x000073ec        0x0 c:/freescale/kds_3.0.0/toolchain/bin/../lib/gcc/arm-none-eabi/4.8.4/armv6-m\libgcc.a(_udivdi3.o)
                                  0x8 (size before relaxing)
                0x000073ec                __exidx_end = .

.rel.dyn        0x000073ec        0x0
 .rel.iplt      0x00000000        0x0 c:/freescale/kds_3.0.0/toolchain/bin/../lib/gcc/arm-none-eabi/4.8.4/armv6-m/crtbegin.o

.ctors          0x000073ec        0x0
                0x000073ec                __CTOR_LIST__ = .
 *crtbegin.o(.ctors)
 *crtbegin?.o(.ctors)
 *(EXCLUDE_FILE(*crtend.o *crtend?.o) .ctors)
 *(SORT(.ctors.*))
 *(.ctors)
                0x000073ec                __CTOR_END__ = .

.dtors          0x000073ec        0x0
                0x000073ec                __DTOR_LIST__ = .
 *crtbegin.o(.dtors)
 *crtbegin?.o(.dtors)
 *(EXCLUDE_FILE(*crtend.o *crtend?.o) .dtors)
 *(SORT(.dtors.*))
 *(.dtors)
                0x000073ec                __DTOR_END__ = .

.preinit_array  0x000073ec        0x0
                0x000073ec                PROVIDE (__preinit_array_start, .)
 *(.preinit_array*)
                0x000073ec                PROVIDE (__preinit_array_end, .)

.init_array     0x000073ec        0x4
                0x000073ec                PROVIDE (__init_array_start, .)
 *(SORT(.init_array.*))
 *(.init_array*)
 .init_array    0x000073ec        0x4 c:/freescale/kds_3.0.0/toolchain/bin/../lib/gcc/arm-none-eabi/4.8.4/armv6-m/crtbegin.o
                0x000073f0                PROVIDE (__init_array_end, .)

.fini_array     0x000073f0        0x4
                0x000073f0                PROVIDE (__fini_array_start, .)
 *(SORT(.fini_array.*))
 *(.fini_array*)
 .fini_array    0x000073f0        0x4 c:/freescale/kds_3.0.0/toolchain/bin/../lib/gcc/arm-none-eabi/4.8.4/armv6-m/crtbegin.o
                0x000073f4                PROVIDE (__fini_array_end, .)
                0x000073f4                __etext = .
                0x000073f4                __DATA_ROM = .

.mtb            0x1fffe200        0x0
                0x1fffe200                . = ALIGN (0x8)
                0x1fffe200                _mtb_start = .
 *(.mtb_buf)
                0x1fffe200                . = ALIGN (0x8)
                0x1fffe200                _mtb_end = .

.data           0x1fffe200       0x70 load address 0x000073f4
                0x1fffe200                . = ALIGN (0x4)
                0x1fffe200                __DATA_RAM = .
                0x1fffe200                __data_start__ = .
 *(.data)
 *(.data*)
 .data.i2cGateTable
                0x1fffe200        0x4 ./SDK/platform/system/src/clock/MKL43Z4/fsl_clock_MKL43Z4.o
 .data.SystemCoreClock
                0x1fffe204        0x4 ./SDK/platform/devices/MKL43Z4/startup/system_MKL43Z4.o
                0x1fffe204                SystemCoreClock
 .data.impure_data
                0x1fffe208       0x60 c:/freescale/kds_3.0.0/toolchain/bin/../lib/gcc/arm-none-eabi/4.8.4/../../../../arm-none-eabi/lib/armv6-m\libg_s.a(lib_a-impure.o)
 .data._impure_ptr
                0x1fffe268        0x4 c:/freescale/kds_3.0.0/toolchain/bin/../lib/gcc/arm-none-eabi/4.8.4/../../../../arm-none-eabi/lib/armv6-m\libg_s.a(lib_a-impure.o)
                0x1fffe268                _impure_ptr
 *(.jcr*)
 .jcr           0x1fffe26c        0x0 c:/freescale/kds_3.0.0/toolchain/bin/../lib/gcc/arm-none-eabi/4.8.4/armv6-m/crtbegin.o
 .jcr           0x1fffe26c        0x4 c:/freescale/kds_3.0.0/toolchain/bin/../lib/gcc/arm-none-eabi/4.8.4/armv6-m/crtend.o
                0x1fffe270                . = ALIGN (0x4)
                0x1fffe270                __data_end__ = .
                0x00007464                __DATA_END = (__DATA_ROM + (__data_end__ - __data_start__))
                0x00007464                __m_interrupts_ram_ROMStart = (__DATA_ROM + SIZEOF (.data))

.igot.plt       0x1fffe270        0x0 load address 0x00007464
 .igot.plt      0x00000000        0x0 c:/freescale/kds_3.0.0/toolchain/bin/../lib/gcc/arm-none-eabi/4.8.4/armv6-m/crtbegin.o

.m_interrupts_ram
                0x1fffe000      0x200 load address 0x00007464
                0x1fffe000                . = ALIGN (0x4)
                0x1fffe000                __m_interrupts_ram_RAMStart = .
 *(.m_interrupts_ram)
                0x1fffe200                . = (. + 0x200)
 *fill*         0x1fffe000      0x200 
                0x1fffe200                __m_interrupts_ram_RAMEnd = .
                0x1fffe200                . = ALIGN (0x4)
                0x00000200                __m_interrupts_ram_ROMSize = (__m_interrupts_ram_RAMEnd - __m_interrupts_ram_RAMStart)
                0x00000200                __RAM_VECTOR_TABLE_SIZE_BYTES = (__m_interrupts_ram_RAMEnd - __m_interrupts_ram_RAMStart)

.bss            0x1fffe270      0x140 load address 0x00007464
                0x1fffe270                . = ALIGN (0x4)
                0x1fffe270                __START_BSS = .
                0x1fffe270                __bss_start__ = .
 *(.bss)
 .bss           0x1fffe270       0x1c c:/freescale/kds_3.0.0/toolchain/bin/../lib/gcc/arm-none-eabi/4.8.4/armv6-m/crtbegin.o
 *(.bss*)
 .bss.flag_but1
                0x1fffe28c        0x1 ./Sources/Events.o
                0x1fffe28c                flag_but1
 *fill*         0x1fffe28d        0x3 
 .bss.i         0x1fffe290        0x4 ./Sources/Events.o
                0x1fffe290                i
 .bss.but1      0x1fffe294        0x4 ./Sources/main.o
                0x1fffe294                but1
 .bss.but2      0x1fffe298        0x4 ./Sources/main.o
                0x1fffe298                but2
 .bss.s_debugConsole
                0x1fffe29c       0x10 ./SDK/platform/utilities/src/fsl_debug_console.o
 .bss.g_interruptDisableCount
                0x1fffe2ac        0x4 ./SDK/platform/system/src/interrupt/fsl_interrupt_manager.o
                0x1fffe2ac                g_interruptDisableCount
 .bss.g_taskControlBlockPool
                0x1fffe2b0       0x50 ./SDK/platform/osa/src/fsl_os_abstraction_bm.o
 .bss.g_freeTaskControlBlock
                0x1fffe300        0x4 ./SDK/platform/osa/src/fsl_os_abstraction_bm.o
 .bss.g_taskListHead
                0x1fffe304       0x10 ./SDK/platform/osa/src/fsl_os_abstraction_bm.o
 .bss.g_i2cStatePtr
                0x1fffe314        0x8 ./SDK/platform/drivers/src/i2c/fsl_i2c_common.o
                0x1fffe314                g_i2cStatePtr
 .bss.SwTimerIsrCounter
                0x1fffe31c        0x2 ./Generated_Code/osa1.o
 *fill*         0x1fffe31e        0x2 
 .bss.__malloc_sbrk_start
                0x1fffe320        0x4 c:/freescale/kds_3.0.0/toolchain/bin/../lib/gcc/arm-none-eabi/4.8.4/../../../../arm-none-eabi/lib/armv6-m\libg_s.a(lib_a-nano-mallocr.o)
                0x1fffe320                __malloc_sbrk_start
 .bss.__malloc_free_list
                0x1fffe324        0x4 c:/freescale/kds_3.0.0/toolchain/bin/../lib/gcc/arm-none-eabi/4.8.4/../../../../arm-none-eabi/lib/armv6-m\libg_s.a(lib_a-nano-mallocr.o)
                0x1fffe324                __malloc_free_list
 .bss.heap_end.4246
                0x1fffe328        0x4 c:/freescale/kds_3.0.0/toolchain/bin/../lib/gcc/arm-none-eabi/4.8.4/../../../../arm-none-eabi/lib/armv6-m\libnosys.a(sbrk.o)
 *(COMMON)
 COMMON         0x1fffe32c       0x54 ./Sources/main.o
                0x1fffe32c                Yaw
                0x1fffe330                Zout_Gyro_16_bit
                0x1fffe332                Xout_Mag_16_bit
                0x1fffe334                Yout_Gyro_16_bit
                0x1fffe336                Xout_Accel_14_bit
                0x1fffe338                Zout_g
                0x1fffe33c                Temp
                0x1fffe340                AccelMagData
                0x1fffe34c                Roll
                0x1fffe350                Yout_uT
                0x1fffe354                FXAS21002C_DataReady
                0x1fffe356                Yout_Accel_14_bit
                0x1fffe358                Zout_Accel_14_bit
                0x1fffe35a                FXOS8700CQ_DataReady
                0x1fffe35c                Yout_Mag_16_bit
                0x1fffe360                Yout_g
                0x1fffe364                GyroData
                0x1fffe36a                Xout_Gyro_16_bit
                0x1fffe36c                Xout_g
                0x1fffe370                Zout_uT
                0x1fffe374                Zout_Mag_16_bit
                0x1fffe378                Xout_uT
                0x1fffe37c                Pitch
 COMMON         0x1fffe380        0x8 ./SDK/platform/hal/src/mcglite/fsl_mcglite_hal.o
                0x1fffe380                g_xtal0ClkFreq
                0x1fffe384                g_xtalRtcClkFreq
 COMMON         0x1fffe388       0x24 ./Generated_Code/i2cCom1.o
                0x1fffe388                i2cCom1_MasterState
 COMMON         0x1fffe3ac        0x4 c:/freescale/kds_3.0.0/toolchain/bin/../lib/gcc/arm-none-eabi/4.8.4/../../../../arm-none-eabi/lib/armv6-m\libg_s.a(lib_a-reent.o)
                0x1fffe3ac                errno
                0x1fffe3b0                . = ALIGN (0x4)
                0x1fffe3b0                __bss_end__ = .
                0x1fffe3b0                __END_BSS = .

.heap           0x1fffe3b0        0x0
                0x1fffe3b0                . = ALIGN (0x8)
                0x1fffe3b0                __end__ = .
                0x1fffe3b0                PROVIDE (end, .)
                0x1fffe3b0                __HeapBase = .
                0x1fffe3b0                . = (. + HEAP_SIZE)
                0x1fffe3b0                __HeapLimit = .

.stack          0x1fffe3b0      0x400 load address 0x000075a4
                0x1fffe3b0                . = ALIGN (0x8)
                0x1fffe7b0                . = (. + STACK_SIZE)
 *fill*         0x1fffe3b0      0x400 
                0x20006000                __StackTop = (ORIGIN (m_data) + 0x7e00)
                0x20005c00                __StackLimit = (__StackTop - STACK_SIZE)
                0x20006000                PROVIDE (__stack, __StackTop)

.ARM.attributes
                0x00000000       0x28
 *(.ARM.attributes)
 .ARM.attributes
                0x00000000       0x1e c:/freescale/kds_3.0.0/toolchain/bin/../lib/gcc/arm-none-eabi/4.8.4/armv6-m/crti.o
 .ARM.attributes
                0x0000001e       0x2c c:/freescale/kds_3.0.0/toolchain/bin/../lib/gcc/arm-none-eabi/4.8.4/armv6-m/crtbegin.o
 .ARM.attributes
                0x0000004a       0x1b c:/freescale/kds_3.0.0/toolchain/bin/../lib/gcc/arm-none-eabi/4.8.4/../../../../arm-none-eabi/lib/armv6-m/crt0.o
 .ARM.attributes
                0x00000065       0x32 ./Static_Code/System/PE_low_level_init.o
 .ARM.attributes
                0x00000097       0x32 ./Sources/Events.o
 .ARM.attributes
                0x000000c9       0x32 ./Sources/main.o
 .ARM.attributes
                0x000000fb       0x32 ./SDK/platform/utilities/src/fsl_debug_console.o
 .ARM.attributes
                0x0000012d       0x32 ./SDK/platform/utilities/src/print_scan.o
 .ARM.attributes
                0x0000015f       0x32 ./SDK/platform/system/src/interrupt/fsl_interrupt_manager.o
 .ARM.attributes
                0x00000191       0x32 ./SDK/platform/system/src/clock/MKL43Z4/fsl_clock_MKL43Z4.o
 .ARM.attributes
                0x000001c3       0x32 ./SDK/platform/system/src/clock/fsl_clock_manager.o
 .ARM.attributes
                0x000001f5       0x32 ./SDK/platform/system/src/clock/fsl_clock_manager_common.o
 .ARM.attributes
                0x00000227       0x32 ./SDK/platform/osa/src/fsl_os_abstraction_bm.o
 .ARM.attributes
                0x00000259       0x32 ./SDK/platform/hal/src/uart/fsl_uart_hal.o
 .ARM.attributes
                0x0000028b       0x32 ./SDK/platform/hal/src/sim/MKL43Z4/fsl_sim_hal_MKL43Z4.o
 .ARM.attributes
                0x000002bd       0x32 ./SDK/platform/hal/src/mcglite/fsl_mcglite_hal.o
 .ARM.attributes
                0x000002ef       0x32 ./SDK/platform/hal/src/lpuart/fsl_lpuart_hal.o
 .ARM.attributes
                0x00000321       0x32 ./SDK/platform/hal/src/i2c/fsl_i2c_hal.o
 .ARM.attributes
                0x00000353       0x32 ./SDK/platform/hal/src/gpio/fsl_gpio_hal.o
 .ARM.attributes
                0x00000385       0x32 ./SDK/platform/drivers/src/i2c/fsl_i2c_common.o
 .ARM.attributes
                0x000003b7       0x32 ./SDK/platform/drivers/src/i2c/fsl_i2c_master_driver.o
 .ARM.attributes
                0x000003e9       0x32 ./SDK/platform/drivers/src/i2c/fsl_i2c_shared_function.o
 .ARM.attributes
                0x0000041b       0x32 ./SDK/platform/drivers/src/i2c/fsl_i2c_slave_driver.o
 .ARM.attributes
                0x0000044d       0x32 ./SDK/platform/drivers/src/gpio/fsl_gpio_common.o
 .ARM.attributes
                0x0000047f       0x32 ./SDK/platform/drivers/src/gpio/fsl_gpio_driver.o
 .ARM.attributes
                0x000004b1       0x1b ./SDK/platform/devices/MKL43Z4/startup/gcc/startup_MKL43Z4.o
 .ARM.attributes
                0x000004cc       0x32 ./SDK/platform/devices/MKL43Z4/startup/system_MKL43Z4.o
 .ARM.attributes
                0x000004fe       0x32 ./SDK/platform/devices/startup.o
 .ARM.attributes
                0x00000530       0x32 ./Generated_Code/Cpu.o
 .ARM.attributes
                0x00000562       0x32 ./Generated_Code/WAIT1.o
 .ARM.attributes
                0x00000594       0x32 ./Generated_Code/gpio1.o
 .ARM.attributes
                0x000005c6       0x32 ./Generated_Code/hardware_init.o
 .ARM.attributes
                0x000005f8       0x32 ./Generated_Code/i2cCom1.o
 .ARM.attributes
                0x0000062a       0x32 ./Generated_Code/osa1.o
 .ARM.attributes
                0x0000065c       0x32 ./Generated_Code/pin_init.o
 .ARM.attributes
                0x0000068e       0x1e c:/freescale/kds_3.0.0/toolchain/bin/../lib/gcc/arm-none-eabi/4.8.4/armv6-m\libgcc.a(_udivsi3.o)
 .ARM.attributes
                0x000006ac       0x1e c:/freescale/kds_3.0.0/toolchain/bin/../lib/gcc/arm-none-eabi/4.8.4/armv6-m\libgcc.a(_divsi3.o)
 .ARM.attributes
                0x000006ca       0x1e c:/freescale/kds_3.0.0/toolchain/bin/../lib/gcc/arm-none-eabi/4.8.4/armv6-m\libgcc.a(_dvmd_tls.o)
 .ARM.attributes
                0x000006e8       0x1e c:/freescale/kds_3.0.0/toolchain/bin/../lib/gcc/arm-none-eabi/4.8.4/armv6-m\libgcc.a(_aeabi_uldivmod.o)
 .ARM.attributes
                0x00000706       0x2c c:/freescale/kds_3.0.0/toolchain/bin/../lib/gcc/arm-none-eabi/4.8.4/armv6-m\libgcc.a(_muldi3.o)
 .ARM.attributes
                0x00000732       0x2c c:/freescale/kds_3.0.0/toolchain/bin/../lib/gcc/arm-none-eabi/4.8.4/armv6-m\libgcc.a(bpabi.o)
 .ARM.attributes
                0x0000075e       0x2c c:/freescale/kds_3.0.0/toolchain/bin/../lib/gcc/arm-none-eabi/4.8.4/armv6-m\libgcc.a(divsf3.o)
 .ARM.attributes
                0x0000078a       0x2c c:/freescale/kds_3.0.0/toolchain/bin/../lib/gcc/arm-none-eabi/4.8.4/armv6-m\libgcc.a(floatsisf.o)
 .ARM.attributes
                0x000007b6       0x1e c:/freescale/kds_3.0.0/toolchain/bin/../lib/gcc/arm-none-eabi/4.8.4/armv6-m\libgcc.a(_clzsi2.o)
 .ARM.attributes
                0x000007d4       0x2c c:/freescale/kds_3.0.0/toolchain/bin/../lib/gcc/arm-none-eabi/4.8.4/armv6-m\libgcc.a(_divdi3.o)
 .ARM.attributes
                0x00000800       0x2c c:/freescale/kds_3.0.0/toolchain/bin/../lib/gcc/arm-none-eabi/4.8.4/armv6-m\libgcc.a(_udivdi3.o)
 .ARM.attributes
                0x0000082c       0x2c c:/freescale/kds_3.0.0/toolchain/bin/../lib/gcc/arm-none-eabi/4.8.4/../../../../arm-none-eabi/lib/armv6-m\libg_s.a(lib_a-assert.o)
 .ARM.attributes
                0x00000858       0x2c c:/freescale/kds_3.0.0/toolchain/bin/../lib/gcc/arm-none-eabi/4.8.4/../../../../arm-none-eabi/lib/armv6-m\libg_s.a(lib_a-exit.o)
 .ARM.attributes
                0x00000884       0x2c c:/freescale/kds_3.0.0/toolchain/bin/../lib/gcc/arm-none-eabi/4.8.4/../../../../arm-none-eabi/lib/armv6-m\libg_s.a(lib_a-fprintf.o)
 .ARM.attributes
                0x000008b0       0x2c c:/freescale/kds_3.0.0/toolchain/bin/../lib/gcc/arm-none-eabi/4.8.4/../../../../arm-none-eabi/lib/armv6-m\libg_s.a(lib_a-impure.o)
 .ARM.attributes
                0x000008dc       0x2c c:/freescale/kds_3.0.0/toolchain/bin/../lib/gcc/arm-none-eabi/4.8.4/../../../../arm-none-eabi/lib/armv6-m\libg_s.a(lib_a-init.o)
 .ARM.attributes
                0x00000908       0x2c c:/freescale/kds_3.0.0/toolchain/bin/../lib/gcc/arm-none-eabi/4.8.4/../../../../arm-none-eabi/lib/armv6-m\libg_s.a(lib_a-memset.o)
 .ARM.attributes
                0x00000934       0x2c c:/freescale/kds_3.0.0/toolchain/bin/../lib/gcc/arm-none-eabi/4.8.4/../../../../arm-none-eabi/lib/armv6-m\libg_s.a(lib_a-nano-freer.o)
 .ARM.attributes
                0x00000960       0x2c c:/freescale/kds_3.0.0/toolchain/bin/../lib/gcc/arm-none-eabi/4.8.4/../../../../arm-none-eabi/lib/armv6-m\libg_s.a(lib_a-nano-mallocr.o)
 .ARM.attributes
                0x0000098c       0x2c c:/freescale/kds_3.0.0/toolchain/bin/../lib/gcc/arm-none-eabi/4.8.4/../../../../arm-none-eabi/lib/armv6-m\libg_s.a(lib_a-sbrkr.o)
 .ARM.attributes
                0x000009b8       0x2c c:/freescale/kds_3.0.0/toolchain/bin/../lib/gcc/arm-none-eabi/4.8.4/../../../../arm-none-eabi/lib/armv6-m\libg_s.a(lib_a-strlen.o)
 .ARM.attributes
                0x000009e4       0x2c c:/freescale/kds_3.0.0/toolchain/bin/../lib/gcc/arm-none-eabi/4.8.4/../../../../arm-none-eabi/lib/armv6-m\libg_s.a(lib_a-vfprintf.o)
 .ARM.attributes
                0x00000a10       0x2c c:/freescale/kds_3.0.0/toolchain/bin/../lib/gcc/arm-none-eabi/4.8.4/../../../../arm-none-eabi/lib/armv6-m\libg_s.a(lib_a-vfprintf_i.o)
 .ARM.attributes
                0x00000a3c       0x2c c:/freescale/kds_3.0.0/toolchain/bin/../lib/gcc/arm-none-eabi/4.8.4/../../../../arm-none-eabi/lib/armv6-m\libg_s.a(lib_a-wbuf.o)
 .ARM.attributes
                0x00000a68       0x2c c:/freescale/kds_3.0.0/toolchain/bin/../lib/gcc/arm-none-eabi/4.8.4/../../../../arm-none-eabi/lib/armv6-m\libg_s.a(lib_a-wsetup.o)
 .ARM.attributes
                0x00000a94       0x2c c:/freescale/kds_3.0.0/toolchain/bin/../lib/gcc/arm-none-eabi/4.8.4/../../../../arm-none-eabi/lib/armv6-m\libg_s.a(lib_a-abort.o)
 .ARM.attributes
                0x00000ac0       0x2c c:/freescale/kds_3.0.0/toolchain/bin/../lib/gcc/arm-none-eabi/4.8.4/../../../../arm-none-eabi/lib/armv6-m\libg_s.a(lib_a-fflush.o)
 .ARM.attributes
                0x00000aec       0x2c c:/freescale/kds_3.0.0/toolchain/bin/../lib/gcc/arm-none-eabi/4.8.4/../../../../arm-none-eabi/lib/armv6-m\libg_s.a(lib_a-findfp.o)
 .ARM.attributes
                0x00000b18       0x2c c:/freescale/kds_3.0.0/toolchain/bin/../lib/gcc/arm-none-eabi/4.8.4/../../../../arm-none-eabi/lib/armv6-m\libg_s.a(lib_a-makebuf.o)
 .ARM.attributes
                0x00000b44       0x2c c:/freescale/kds_3.0.0/toolchain/bin/../lib/gcc/arm-none-eabi/4.8.4/../../../../arm-none-eabi/lib/armv6-m\libg_s.a(lib_a-memchr-stub.o)
 .ARM.attributes
                0x00000b70       0x2c c:/freescale/kds_3.0.0/toolchain/bin/../lib/gcc/arm-none-eabi/4.8.4/../../../../arm-none-eabi/lib/armv6-m\libg_s.a(lib_a-reent.o)
 .ARM.attributes
                0x00000b9c       0x2c c:/freescale/kds_3.0.0/toolchain/bin/../lib/gcc/arm-none-eabi/4.8.4/../../../../arm-none-eabi/lib/armv6-m\libg_s.a(lib_a-signal.o)
 .ARM.attributes
                0x00000bc8       0x2c c:/freescale/kds_3.0.0/toolchain/bin/../lib/gcc/arm-none-eabi/4.8.4/../../../../arm-none-eabi/lib/armv6-m\libg_s.a(lib_a-signalr.o)
 .ARM.attributes
                0x00000bf4       0x2c c:/freescale/kds_3.0.0/toolchain/bin/../lib/gcc/arm-none-eabi/4.8.4/../../../../arm-none-eabi/lib/armv6-m\libg_s.a(lib_a-stdio.o)
 .ARM.attributes
                0x00000c20       0x2c c:/freescale/kds_3.0.0/toolchain/bin/../lib/gcc/arm-none-eabi/4.8.4/../../../../arm-none-eabi/lib/armv6-m\libg_s.a(lib_a-writer.o)
 .ARM.attributes
                0x00000c4c       0x2c c:/freescale/kds_3.0.0/toolchain/bin/../lib/gcc/arm-none-eabi/4.8.4/../../../../arm-none-eabi/lib/armv6-m\libg_s.a(lib_a-closer.o)
 .ARM.attributes
                0x00000c78       0x2c c:/freescale/kds_3.0.0/toolchain/bin/../lib/gcc/arm-none-eabi/4.8.4/../../../../arm-none-eabi/lib/armv6-m\libg_s.a(lib_a-fstatr.o)
 .ARM.attributes
                0x00000ca4       0x2c c:/freescale/kds_3.0.0/toolchain/bin/../lib/gcc/arm-none-eabi/4.8.4/../../../../arm-none-eabi/lib/armv6-m\libg_s.a(lib_a-isattyr.o)
 .ARM.attributes
                0x00000cd0       0x2c c:/freescale/kds_3.0.0/toolchain/bin/../lib/gcc/arm-none-eabi/4.8.4/../../../../arm-none-eabi/lib/armv6-m\libg_s.a(lib_a-lseekr.o)
 .ARM.attributes
                0x00000cfc       0x2c c:/freescale/kds_3.0.0/toolchain/bin/../lib/gcc/arm-none-eabi/4.8.4/../../../../arm-none-eabi/lib/armv6-m\libg_s.a(lib_a-readr.o)
 .ARM.attributes
                0x00000d28       0x2c c:/freescale/kds_3.0.0/toolchain/bin/../lib/gcc/arm-none-eabi/4.8.4/../../../../arm-none-eabi/lib/armv6-m\libnosys.a(close.o)
 .ARM.attributes
                0x00000d54       0x2c c:/freescale/kds_3.0.0/toolchain/bin/../lib/gcc/arm-none-eabi/4.8.4/../../../../arm-none-eabi/lib/armv6-m\libnosys.a(fstat.o)
 .ARM.attributes
                0x00000d80       0x2c c:/freescale/kds_3.0.0/toolchain/bin/../lib/gcc/arm-none-eabi/4.8.4/../../../../arm-none-eabi/lib/armv6-m\libnosys.a(getpid.o)
 .ARM.attributes
                0x00000dac       0x2c c:/freescale/kds_3.0.0/toolchain/bin/../lib/gcc/arm-none-eabi/4.8.4/../../../../arm-none-eabi/lib/armv6-m\libnosys.a(isatty.o)
 .ARM.attributes
                0x00000dd8       0x2c c:/freescale/kds_3.0.0/toolchain/bin/../lib/gcc/arm-none-eabi/4.8.4/../../../../arm-none-eabi/lib/armv6-m\libnosys.a(kill.o)
 .ARM.attributes
                0x00000e04       0x2c c:/freescale/kds_3.0.0/toolchain/bin/../lib/gcc/arm-none-eabi/4.8.4/../../../../arm-none-eabi/lib/armv6-m\libnosys.a(lseek.o)
 .ARM.attributes
                0x00000e30       0x2c c:/freescale/kds_3.0.0/toolchain/bin/../lib/gcc/arm-none-eabi/4.8.4/../../../../arm-none-eabi/lib/armv6-m\libnosys.a(sbrk.o)
 .ARM.attributes
                0x00000e5c       0x2c c:/freescale/kds_3.0.0/toolchain/bin/../lib/gcc/arm-none-eabi/4.8.4/../../../../arm-none-eabi/lib/armv6-m\libnosys.a(_exit.o)
 .ARM.attributes
                0x00000e88       0x2c c:/freescale/kds_3.0.0/toolchain/bin/../lib/gcc/arm-none-eabi/4.8.4/armv6-m/crtend.o
 .ARM.attributes
                0x00000eb4       0x1e c:/freescale/kds_3.0.0/toolchain/bin/../lib/gcc/arm-none-eabi/4.8.4/armv6-m/crtn.o
OUTPUT(KL43Z-STBC-AGM01.elf elf32-littlearm)

.debug_info     0x00000000     0xf02c
 .debug_info    0x00000000      0x1e7 ./Static_Code/System/PE_low_level_init.o
 .debug_info    0x000001e7      0x3a8 ./Sources/Events.o
 .debug_info    0x0000058f      0x6b0 ./Sources/main.o
 .debug_info    0x00000c3f      0xeb6 ./SDK/platform/utilities/src/fsl_debug_console.o
 .debug_info    0x00001af5      0x5eb ./SDK/platform/utilities/src/print_scan.o
 .debug_info    0x000020e0      0x290 ./SDK/platform/system/src/interrupt/fsl_interrupt_manager.o
 .debug_info    0x00002370     0x15a8 ./SDK/platform/system/src/clock/MKL43Z4/fsl_clock_MKL43Z4.o
 .debug_info    0x00003918     0x134b ./SDK/platform/system/src/clock/fsl_clock_manager.o
 .debug_info    0x00004c63      0x46b ./SDK/platform/system/src/clock/fsl_clock_manager_common.o
 .debug_info    0x000050ce      0xf18 ./SDK/platform/osa/src/fsl_os_abstraction_bm.o
 .debug_info    0x00005fe6      0xcda ./SDK/platform/hal/src/uart/fsl_uart_hal.o
 .debug_info    0x00006cc0      0x99e ./SDK/platform/hal/src/sim/MKL43Z4/fsl_sim_hal_MKL43Z4.o
 .debug_info    0x0000765e      0x388 ./SDK/platform/hal/src/mcglite/fsl_mcglite_hal.o
 .debug_info    0x000079e6      0x999 ./SDK/platform/hal/src/lpuart/fsl_lpuart_hal.o
 .debug_info    0x0000837f      0x8b2 ./SDK/platform/hal/src/i2c/fsl_i2c_hal.o
 .debug_info    0x00008c31      0x20a ./SDK/platform/hal/src/gpio/fsl_gpio_hal.o
 .debug_info    0x00008e3b      0x2b6 ./SDK/platform/drivers/src/i2c/fsl_i2c_common.o
 .debug_info    0x000090f1     0x118f ./SDK/platform/drivers/src/i2c/fsl_i2c_master_driver.o
 .debug_info    0x0000a280      0x225 ./SDK/platform/drivers/src/i2c/fsl_i2c_shared_function.o
 .debug_info    0x0000a4a5     0x10e4 ./SDK/platform/drivers/src/i2c/fsl_i2c_slave_driver.o
 .debug_info    0x0000b589      0x307 ./SDK/platform/drivers/src/gpio/fsl_gpio_common.o
 .debug_info    0x0000b890      0xefe ./SDK/platform/drivers/src/gpio/fsl_gpio_driver.o
 .debug_info    0x0000c78e       0xa0 ./SDK/platform/devices/MKL43Z4/startup/gcc/startup_MKL43Z4.o
 .debug_info    0x0000c82e      0x4e2 ./SDK/platform/devices/MKL43Z4/startup/system_MKL43Z4.o
 .debug_info    0x0000cd10      0x296 ./SDK/platform/devices/startup.o
 .debug_info    0x0000cfa6      0x70e ./Generated_Code/Cpu.o
 .debug_info    0x0000d6b4      0x281 ./Generated_Code/WAIT1.o
 .debug_info    0x0000d935      0x2ee ./Generated_Code/gpio1.o
 .debug_info    0x0000dc23      0x3e6 ./Generated_Code/hardware_init.o
 .debug_info    0x0000e009      0x399 ./Generated_Code/i2cCom1.o
 .debug_info    0x0000e3a2      0x68a ./Generated_Code/osa1.o
 .debug_info    0x0000ea2c      0x600 ./Generated_Code/pin_init.o

.debug_abbrev   0x00000000     0x3012
 .debug_abbrev  0x00000000       0xc4 ./Static_Code/System/PE_low_level_init.o
 .debug_abbrev  0x000000c4      0x15b ./Sources/Events.o
 .debug_abbrev  0x0000021f      0x1d9 ./Sources/main.o
 .debug_abbrev  0x000003f8      0x2a0 ./SDK/platform/utilities/src/fsl_debug_console.o
 .debug_abbrev  0x00000698      0x1b6 ./SDK/platform/utilities/src/print_scan.o
 .debug_abbrev  0x0000084e      0x128 ./SDK/platform/system/src/interrupt/fsl_interrupt_manager.o
 .debug_abbrev  0x00000976      0x2bc ./SDK/platform/system/src/clock/MKL43Z4/fsl_clock_MKL43Z4.o
 .debug_abbrev  0x00000c32      0x292 ./SDK/platform/system/src/clock/fsl_clock_manager.o
 .debug_abbrev  0x00000ec4       0xde ./SDK/platform/system/src/clock/fsl_clock_manager_common.o
 .debug_abbrev  0x00000fa2      0x21f ./SDK/platform/osa/src/fsl_os_abstraction_bm.o
 .debug_abbrev  0x000011c1      0x22f ./SDK/platform/hal/src/uart/fsl_uart_hal.o
 .debug_abbrev  0x000013f0      0x18b ./SDK/platform/hal/src/sim/MKL43Z4/fsl_sim_hal_MKL43Z4.o
 .debug_abbrev  0x0000157b      0x127 ./SDK/platform/hal/src/mcglite/fsl_mcglite_hal.o
 .debug_abbrev  0x000016a2      0x21a ./SDK/platform/hal/src/lpuart/fsl_lpuart_hal.o
 .debug_abbrev  0x000018bc      0x22c ./SDK/platform/hal/src/i2c/fsl_i2c_hal.o
 .debug_abbrev  0x00001ae8       0xe9 ./SDK/platform/hal/src/gpio/fsl_gpio_hal.o
 .debug_abbrev  0x00001bd1       0xc7 ./SDK/platform/drivers/src/i2c/fsl_i2c_common.o
 .debug_abbrev  0x00001c98      0x295 ./SDK/platform/drivers/src/i2c/fsl_i2c_master_driver.o
 .debug_abbrev  0x00001f2d      0x11a ./SDK/platform/drivers/src/i2c/fsl_i2c_shared_function.o
 .debug_abbrev  0x00002047      0x246 ./SDK/platform/drivers/src/i2c/fsl_i2c_slave_driver.o
 .debug_abbrev  0x0000228d       0xc0 ./SDK/platform/drivers/src/gpio/fsl_gpio_common.o
 .debug_abbrev  0x0000234d      0x27a ./SDK/platform/drivers/src/gpio/fsl_gpio_driver.o
 .debug_abbrev  0x000025c7       0x14 ./SDK/platform/devices/MKL43Z4/startup/gcc/startup_MKL43Z4.o
 .debug_abbrev  0x000025db      0x109 ./SDK/platform/devices/MKL43Z4/startup/system_MKL43Z4.o
 .debug_abbrev  0x000026e4       0xe9 ./SDK/platform/devices/startup.o
 .debug_abbrev  0x000027cd      0x14b ./Generated_Code/Cpu.o
 .debug_abbrev  0x00002918      0x10b ./Generated_Code/WAIT1.o
 .debug_abbrev  0x00002a23       0xef ./Generated_Code/gpio1.o
 .debug_abbrev  0x00002b12      0x10c ./Generated_Code/hardware_init.o
 .debug_abbrev  0x00002c1e       0xef ./Generated_Code/i2cCom1.o
 .debug_abbrev  0x00002d0d      0x1a9 ./Generated_Code/osa1.o
 .debug_abbrev  0x00002eb6      0x15c ./Generated_Code/pin_init.o

.debug_aranges  0x00000000      0xf30
 .debug_aranges
                0x00000000       0x28 ./Static_Code/System/PE_low_level_init.o
 .debug_aranges
                0x00000028       0x48 ./Sources/Events.o
 .debug_aranges
                0x00000070       0x50 ./Sources/main.o
 .debug_aranges
                0x000000c0       0xb8 ./SDK/platform/utilities/src/fsl_debug_console.o
 .debug_aranges
                0x00000178       0x48 ./SDK/platform/utilities/src/print_scan.o
 .debug_aranges
                0x000001c0       0x30 ./SDK/platform/system/src/interrupt/fsl_interrupt_manager.o
 .debug_aranges
                0x000001f0      0x1b8 ./SDK/platform/system/src/clock/MKL43Z4/fsl_clock_MKL43Z4.o
 .debug_aranges
                0x000003a8      0x110 ./SDK/platform/system/src/clock/fsl_clock_manager.o
 .debug_aranges
                0x000004b8       0x18 ./SDK/platform/system/src/clock/fsl_clock_manager_common.o
 .debug_aranges
                0x000004d0      0x148 ./SDK/platform/osa/src/fsl_os_abstraction_bm.o
 .debug_aranges
                0x00000618      0x100 ./SDK/platform/hal/src/uart/fsl_uart_hal.o
 .debug_aranges
                0x00000718       0x90 ./SDK/platform/hal/src/sim/MKL43Z4/fsl_sim_hal_MKL43Z4.o
 .debug_aranges
                0x000007a8       0x48 ./SDK/platform/hal/src/mcglite/fsl_mcglite_hal.o
 .debug_aranges
                0x000007f0       0xd0 ./SDK/platform/hal/src/lpuart/fsl_lpuart_hal.o
 .debug_aranges
                0x000008c0       0xc8 ./SDK/platform/hal/src/i2c/fsl_i2c_hal.o
 .debug_aranges
                0x00000988       0x28 ./SDK/platform/hal/src/gpio/fsl_gpio_hal.o
 .debug_aranges
                0x000009b0       0x18 ./SDK/platform/drivers/src/i2c/fsl_i2c_common.o
 .debug_aranges
                0x000009c8      0x120 ./SDK/platform/drivers/src/i2c/fsl_i2c_master_driver.o
 .debug_aranges
                0x00000ae8       0x28 ./SDK/platform/drivers/src/i2c/fsl_i2c_shared_function.o
 .debug_aranges
                0x00000b10      0x118 ./SDK/platform/drivers/src/i2c/fsl_i2c_slave_driver.o
 .debug_aranges
                0x00000c28       0x18 ./SDK/platform/drivers/src/gpio/fsl_gpio_common.o
 .debug_aranges
                0x00000c40       0xf8 ./SDK/platform/drivers/src/gpio/fsl_gpio_driver.o
 .debug_aranges
                0x00000d38       0x20 ./SDK/platform/devices/MKL43Z4/startup/gcc/startup_MKL43Z4.o
 .debug_aranges
                0x00000d58       0x28 ./SDK/platform/devices/MKL43Z4/startup/system_MKL43Z4.o
 .debug_aranges
                0x00000d80       0x20 ./SDK/platform/devices/startup.o
 .debug_aranges
                0x00000da0       0x28 ./Generated_Code/Cpu.o
 .debug_aranges
                0x00000dc8       0x40 ./Generated_Code/WAIT1.o
 .debug_aranges
                0x00000e08       0x18 ./Generated_Code/gpio1.o
 .debug_aranges
                0x00000e20       0x28 ./Generated_Code/hardware_init.o
 .debug_aranges
                0x00000e48       0x18 ./Generated_Code/i2cCom1.o
 .debug_aranges
                0x00000e60       0x40 ./Generated_Code/osa1.o
 .debug_aranges
                0x00000ea0       0x90 ./Generated_Code/pin_init.o

.debug_ranges   0x00000000      0xcf8
 .debug_ranges  0x00000000       0x18 ./Static_Code/System/PE_low_level_init.o
 .debug_ranges  0x00000018       0x38 ./Sources/Events.o
 .debug_ranges  0x00000050       0x40 ./Sources/main.o
 .debug_ranges  0x00000090       0xa8 ./SDK/platform/utilities/src/fsl_debug_console.o
 .debug_ranges  0x00000138       0x38 ./SDK/platform/utilities/src/print_scan.o
 .debug_ranges  0x00000170       0x20 ./SDK/platform/system/src/interrupt/fsl_interrupt_manager.o
 .debug_ranges  0x00000190      0x1a8 ./SDK/platform/system/src/clock/MKL43Z4/fsl_clock_MKL43Z4.o
 .debug_ranges  0x00000338      0x100 ./SDK/platform/system/src/clock/fsl_clock_manager.o
 .debug_ranges  0x00000438      0x138 ./SDK/platform/osa/src/fsl_os_abstraction_bm.o
 .debug_ranges  0x00000570       0xf0 ./SDK/platform/hal/src/uart/fsl_uart_hal.o
 .debug_ranges  0x00000660       0x80 ./SDK/platform/hal/src/sim/MKL43Z4/fsl_sim_hal_MKL43Z4.o
 .debug_ranges  0x000006e0       0x38 ./SDK/platform/hal/src/mcglite/fsl_mcglite_hal.o
 .debug_ranges  0x00000718       0xc0 ./SDK/platform/hal/src/lpuart/fsl_lpuart_hal.o
 .debug_ranges  0x000007d8       0xb8 ./SDK/platform/hal/src/i2c/fsl_i2c_hal.o
 .debug_ranges  0x00000890       0x18 ./SDK/platform/hal/src/gpio/fsl_gpio_hal.o
 .debug_ranges  0x000008a8      0x110 ./SDK/platform/drivers/src/i2c/fsl_i2c_master_driver.o
 .debug_ranges  0x000009b8       0x18 ./SDK/platform/drivers/src/i2c/fsl_i2c_shared_function.o
 .debug_ranges  0x000009d0      0x108 ./SDK/platform/drivers/src/i2c/fsl_i2c_slave_driver.o
 .debug_ranges  0x00000ad8       0xe8 ./SDK/platform/drivers/src/gpio/fsl_gpio_driver.o
 .debug_ranges  0x00000bc0       0x18 ./SDK/platform/devices/MKL43Z4/startup/system_MKL43Z4.o
 .debug_ranges  0x00000bd8       0x10 ./SDK/platform/devices/startup.o
 .debug_ranges  0x00000be8       0x18 ./Generated_Code/Cpu.o
 .debug_ranges  0x00000c00       0x30 ./Generated_Code/WAIT1.o
 .debug_ranges  0x00000c30       0x18 ./Generated_Code/hardware_init.o
 .debug_ranges  0x00000c48       0x30 ./Generated_Code/osa1.o
 .debug_ranges  0x00000c78       0x80 ./Generated_Code/pin_init.o

.debug_macro    0x00000000    0x22fa4
 .debug_macro   0x00000000      0x357 ./Static_Code/System/PE_low_level_init.o
 .debug_macro   0x00000357      0x80e ./Static_Code/System/PE_low_level_init.o
 .debug_macro   0x00000b65       0x11 ./Static_Code/System/PE_low_level_init.o
 .debug_macro   0x00000b76       0x16 ./Static_Code/System/PE_low_level_init.o
 .debug_macro   0x00000b8c       0x16 ./Static_Code/System/PE_low_level_init.o
 .debug_macro   0x00000ba2       0x44 ./Static_Code/System/PE_low_level_init.o
 .debug_macro   0x00000be6      0x209 ./Static_Code/System/PE_low_level_init.o
 .debug_macro   0x00000def       0x3a ./Static_Code/System/PE_low_level_init.o
 .debug_macro   0x00000e29       0x3a ./Static_Code/System/PE_low_level_init.o
 .debug_macro   0x00000e63       0x1f ./Static_Code/System/PE_low_level_init.o
 .debug_macro   0x00000e82      0x250 ./Static_Code/System/PE_low_level_init.o
 .debug_macro   0x000010d2       0xa0 ./Static_Code/System/PE_low_level_init.o
 .debug_macro   0x00001172     0xdbab ./Static_Code/System/PE_low_level_init.o
 .debug_macro   0x0000ed1d       0x58 ./Static_Code/System/PE_low_level_init.o
 .debug_macro   0x0000ed75       0x35 ./Static_Code/System/PE_low_level_init.o
 .debug_macro   0x0000edaa       0xa3 ./Static_Code/System/PE_low_level_init.o
 .debug_macro   0x0000ee4d       0x16 ./Static_Code/System/PE_low_level_init.o
 .debug_macro   0x0000ee63      0x10e ./Static_Code/System/PE_low_level_init.o
 .debug_macro   0x0000ef71       0x7f ./Static_Code/System/PE_low_level_init.o
 .debug_macro   0x0000eff0       0x52 ./Static_Code/System/PE_low_level_init.o
 .debug_macro   0x0000f042       0x16 ./Static_Code/System/PE_low_level_init.o
 .debug_macro   0x0000f058       0x43 ./Static_Code/System/PE_low_level_init.o
 .debug_macro   0x0000f09b      0x180 ./Static_Code/System/PE_low_level_init.o
 .debug_macro   0x0000f21b       0x22 ./Static_Code/System/PE_low_level_init.o
 .debug_macro   0x0000f23d       0x7c ./Static_Code/System/PE_low_level_init.o
 .debug_macro   0x0000f2b9     0xda1a ./Static_Code/System/PE_low_level_init.o
 .debug_macro   0x0001ccd3     0x10dc ./Static_Code/System/PE_low_level_init.o
 .debug_macro   0x0001ddaf       0x22 ./Static_Code/System/PE_low_level_init.o
 .debug_macro   0x0001ddd1       0x16 ./Static_Code/System/PE_low_level_init.o
 .debug_macro   0x0001dde7       0x10 ./Static_Code/System/PE_low_level_init.o
 .debug_macro   0x0001ddf7       0x11 ./Static_Code/System/PE_low_level_init.o
 .debug_macro   0x0001de08       0x10 ./Static_Code/System/PE_low_level_init.o
 .debug_macro   0x0001de18       0x10 ./Static_Code/System/PE_low_level_init.o
 .debug_macro   0x0001de28       0x10 ./Static_Code/System/PE_low_level_init.o
 .debug_macro   0x0001de38       0x3e ./Static_Code/System/PE_low_level_init.o
 .debug_macro   0x0001de76       0x19 ./Static_Code/System/PE_low_level_init.o
 .debug_macro   0x0001de8f       0x10 ./Static_Code/System/PE_low_level_init.o
 .debug_macro   0x0001de9f       0x28 ./Static_Code/System/PE_low_level_init.o
 .debug_macro   0x0001dec7       0x2e ./Static_Code/System/PE_low_level_init.o
 .debug_macro   0x0001def5       0x28 ./Static_Code/System/PE_low_level_init.o
 .debug_macro   0x0001df1d       0x22 ./Static_Code/System/PE_low_level_init.o
 .debug_macro   0x0001df3f       0x10 ./Static_Code/System/PE_low_level_init.o
 .debug_macro   0x0001df4f       0x42 ./Static_Code/System/PE_low_level_init.o
 .debug_macro   0x0001df91       0x1c ./Static_Code/System/PE_low_level_init.o
 .debug_macro   0x0001dfad      0x33d ./Sources/Events.o
 .debug_macro   0x0001e2ea      0x34f ./Sources/main.o
 .debug_macro   0x0001e639       0xa6 ./Sources/main.o
 .debug_macro   0x0001e6df      0x2ee ./Sources/main.o
 .debug_macro   0x0001e9cd      0x2bf ./SDK/platform/utilities/src/fsl_debug_console.o
 .debug_macro   0x0001ec8c       0x58 ./SDK/platform/utilities/src/fsl_debug_console.o
 .debug_macro   0x0001ece4       0x16 ./SDK/platform/utilities/src/fsl_debug_console.o
 .debug_macro   0x0001ecfa       0x97 ./SDK/platform/utilities/src/fsl_debug_console.o
 .debug_macro   0x0001ed91       0xef ./SDK/platform/utilities/src/fsl_debug_console.o
 .debug_macro   0x0001ee80       0x4a ./SDK/platform/utilities/src/fsl_debug_console.o
 .debug_macro   0x0001eeca       0x10 ./SDK/platform/utilities/src/fsl_debug_console.o